Copyright 1986-2017 Xilinx, Inc. All Rights Reserved.
------------------------------------------------------------------------------------
| Tool Version : Vivado v.2017.4 (win64) Build 2086221 Fri Dec 15 20:55:39 MST 2017
| Date         : Thu Jan  8 07:41:21 2026
| Host         : Summer running 64-bit major release  (build 9200)
| Command      : report_control_sets -verbose -file top_control_sets_placed.rpt
| Design       : top
| Device       : xc7a100t
------------------------------------------------------------------------------------

Control Set Information

Table of Contents
-----------------
1. Summary
2. Flip-Flop Distribution
3. Detailed Control Set Information

1. Summary
----------

+----------------------------------------------------------+-------+
|                          Status                          | Count |
+----------------------------------------------------------+-------+
| Number of unique control sets                            |    21 |
| Unused register locations in slices containing registers |    37 |
+----------------------------------------------------------+-------+


2. Flip-Flop Distribution
-------------------------

+--------------+-----------------------+------------------------+-----------------+--------------+
| Clock Enable | Synchronous Set/Reset | Asynchronous Set/Reset | Total Registers | Total Slices |
+--------------+-----------------------+------------------------+-----------------+--------------+
| No           | No                    | No                     |              58 |           27 |
| No           | No                    | Yes                    |              40 |           21 |
| No           | Yes                   | No                     |             177 |           79 |
| Yes          | No                    | No                     |               0 |            0 |
| Yes          | No                    | Yes                    |             192 |           48 |
| Yes          | Yes                   | No                     |             336 |          128 |
+--------------+-----------------------+------------------------+-----------------+--------------+


3. Detailed Control Set Information
-----------------------------------

+--------------------------------+------------------------------------------+------------------------------------------------+------------------+----------------+
|          Clock Signal          |               Enable Signal              |                Set/Reset Signal                | Slice Load Count | Bel Load Count |
+--------------------------------+------------------------------------------+------------------------------------------------+------------------+----------------+
|  pll_inst/inst/clk_out1        |                                          |                                                |                2 |              2 |
|  pll_inst/inst/clk_out2        |                                          |                                                |                2 |              3 |
|  n_0_1457_BUFG                 |                                          |                                                |                3 |              4 |
|  u_cpu/IF_ID/ex_aluc_reg[0][0] |                                          |                                                |                3 |              5 |
|  u_cpu/IF_ID/E[0]              |                                          |                                                |                4 |             13 |
|  pll_inst/inst/clk_out1        |                                          | u_benchmark/u_seven_seg/count_fast[16]_i_1_n_2 |                4 |             16 |
|  pll_inst/inst/clk_out1        | u_benchmark/u_seven_seg/seven_seg_enable | u_benchmark/u_seven_seg/SS[0]                  |                7 |             24 |
|  n_0_1457_BUFG                 | u_cpu/EX_ME/result_reg[1][31][0]         | u_benchmark/u_seven_seg/SS[0]                  |                9 |             32 |
|  n_0_1457_BUFG                 | u_cpu/EX_ME/result_reg[0][31][0]         | u_benchmark/u_seven_seg/SS[0]                  |                9 |             32 |
|  n_0_1457_BUFG                 | u_cpu/EX_ME/result_reg[2][31][0]         | u_benchmark/u_seven_seg/SS[0]                  |                9 |             32 |
|  n_0_1457_BUFG                 | u_cpu/EX_ME/result_reg[3][31][0]         | u_benchmark/u_seven_seg/SS[0]                  |                7 |             32 |
|  n_0_1457_BUFG                 | u_cpu/EX_ME/result_reg[4][31][0]         | u_benchmark/u_seven_seg/SS[0]                  |                6 |             32 |
|  n_1_1050_BUFG                 |                                          |                                                |               14 |             32 |
|  pll_inst/inst/clk_out1        | u_benchmark/run_time0                    | u_benchmark/u_seven_seg/SS[0]                  |                8 |             32 |
|  pll_inst/inst/clk_out2        | u_cpu/EX_ME/E[0]                         | u_benchmark/u_seven_seg/SS[0]                  |               10 |             32 |
|  pll_inst/inst/clk_out1        |                                          | u_benchmark/u_seven_seg/SS[0]                  |               21 |             40 |
|  pll_inst/inst/clk_out2        | u_cpu/ID_EX/id_pc_reg[31]                | u_cpu/EX_ME/SR[0]                              |               16 |             61 |
|  pll_inst/inst/clk_out2        | pll_inst/inst/locked                     | u_benchmark/u_seven_seg/SS[0]                  |               25 |             71 |
|  pll_inst/inst/clk_out2        | u_cpu/ME_WB/p_0_in__0                    |                                                |               12 |             96 |
|  pll_inst/inst/clk_out2        | u_cpu/EX_ME/me_conditionBranch_i_2_n_2   | u_cpu/EX_ME/SR[0]                              |               70 |            148 |
|  pll_inst/inst/clk_out2        |                                          | u_cpu/EX_ME/ex_lui_reg                         |               75 |            161 |
+--------------------------------+------------------------------------------+------------------------------------------------+------------------+----------------+


+--------+-----------------------+
| Fanout | Number of ControlSets |
+--------+-----------------------+
| 2      |                     1 |
| 3      |                     1 |
| 4      |                     1 |
| 5      |                     1 |
| 13     |                     1 |
| 16+    |                    16 |
+--------+-----------------------+


