Copyright 1986-2017 Xilinx, Inc. All Rights Reserved.
-------------------------------------------------------------------------------------------------------------------------------
| Tool Version     : Vivado v.2017.4 (win64) Build 2086221 Fri Dec 15 20:55:39 MST 2017
| Date             : Thu Jan  8 07:41:48 2026
| Host             : Summer running 64-bit major release  (build 9200)
| Command          : report_power -file top_power_routed.rpt -pb top_power_summary_routed.pb -rpx top_power_routed.rpx
| Design           : top
| Device           : xc7a100tcsg324-1
| Design State     : routed
| Grade            : commercial
| Process          : typical
| Characterization : Production
-------------------------------------------------------------------------------------------------------------------------------

Power Report

Table of Contents
-----------------
1. Summary
1.1 On-Chip Components
1.2 Power Supply Summary
1.3 Confidence Level
2. Settings
2.1 Environment
2.2 Clock Constraints
3. Detailed Reports
3.1 By Hierarchy

1. Summary
----------

+--------------------------+--------------+
| Total On-Chip Power (W)  | 0.107        |
| Design Power Budget (W)  | Unspecified* |
| Power Budget Margin (W)  | NA           |
| Dynamic (W)              | 0.009        |
| Device Static (W)        | 0.097        |
| Effective TJA (C/W)      | 4.6          |
| Max Ambient (C)          | 84.5         |
| Junction Temperature (C) | 25.5         |
| Confidence Level         | Low          |
| Setting File             | ---          |
| Simulation Activity File | ---          |
| Design Nets Matched      | NA           |
+--------------------------+--------------+
* Specify Design Power Budget using, set_operating_conditions -design_power_budget <value in Watts>


1.1 On-Chip Components
----------------------

+--------------------------+-----------+----------+-----------+-----------------+
| On-Chip                  | Power (W) | Used     | Available | Utilization (%) |
+--------------------------+-----------+----------+-----------+-----------------+
| Clocks                   |     0.002 |       10 |       --- |             --- |
| Slice Logic              |     0.002 |     2882 |       --- |             --- |
|   LUT as Logic           |     0.001 |     1631 |     63400 |            2.57 |
|   LUT as Distributed RAM |    <0.001 |       48 |     19000 |            0.25 |
|   CARRY4                 |    <0.001 |       74 |     15850 |            0.47 |
|   Register               |    <0.001 |      803 |    126800 |            0.63 |
|   F7/F8 Muxes            |    <0.001 |       87 |     63400 |            0.14 |
|   BUFG                   |    <0.001 |        1 |        32 |            3.13 |
|   Others                 |     0.000 |       23 |       --- |             --- |
|   LUT as Shift Register  |     0.000 |        1 |     19000 |           <0.01 |
| Signals                  |     0.002 |     2211 |       --- |             --- |
| Block RAM                |    <0.001 |        1 |       135 |            0.74 |
| PLL                      |     0.000 |        1 |         6 |           16.67 |
| I/O                      |     0.003 |       40 |       210 |           19.05 |
| Static Power             |     0.097 |          |           |                 |
| Total                    |     0.107 |          |           |                 |
+--------------------------+-----------+----------+-----------+-----------------+


1.2 Power Supply Summary
------------------------

+-----------+-------------+-----------+-------------+------------+
| Source    | Voltage (V) | Total (A) | Dynamic (A) | Static (A) |
+-----------+-------------+-----------+-------------+------------+
| Vccint    |       1.000 |     0.022 |       0.007 |      0.015 |
| Vccaux    |       1.800 |     0.018 |       0.000 |      0.018 |
| Vcco33    |       3.300 |     0.005 |       0.001 |      0.004 |
| Vcco25    |       2.500 |     0.000 |       0.000 |      0.000 |
| Vcco18    |       1.800 |     0.000 |       0.000 |      0.000 |
| Vcco15    |       1.500 |     0.000 |       0.000 |      0.000 |
| Vcco135   |       1.350 |     0.000 |       0.000 |      0.000 |
| Vcco12    |       1.200 |     0.000 |       0.000 |      0.000 |
| Vccaux_io |       1.800 |     0.000 |       0.000 |      0.000 |
| Vccbram   |       1.000 |     0.000 |       0.000 |      0.000 |
| MGTAVcc   |       1.000 |     0.000 |       0.000 |      0.000 |
| MGTAVtt   |       1.200 |     0.000 |       0.000 |      0.000 |
| Vccadc    |       1.800 |     0.020 |       0.000 |      0.020 |
+-----------+-------------+-----------+-------------+------------+


1.3 Confidence Level
--------------------

+-----------------------------+------------+--------------------------------------------------------+--------------------------------------------------------------------------------------------------------------------+
| User Input Data             | Confidence | Details                                                | Action                                                                                                             |
+-----------------------------+------------+--------------------------------------------------------+--------------------------------------------------------------------------------------------------------------------+
| Design implementation state | High       | Design is routed                                       |                                                                                                                    |
| Clock nodes activity        | Medium     | More than 5% of clocks are missing user specification  | Provide missing clock activity with a constraint file, simulation results or by editing the "By Clock Domain" view |
| I/O nodes activity          | Low        | More than 75% of inputs are missing user specification | Provide missing input activity with simulation results or by editing the "By Resource Type -> I/Os" view           |
| Internal nodes activity     | Medium     | User specified less than 25% of internal nodes         | Provide missing internal nodes activity with simulation results or by editing the "By Resource Type" views         |
| Device models               | High       | Device models are Production                           |                                                                                                                    |
|                             |            |                                                        |                                                                                                                    |
| Overall confidence level    | Low        |                                                        |                                                                                                                    |
+-----------------------------+------------+--------------------------------------------------------+--------------------------------------------------------------------------------------------------------------------+


2. Settings
-----------

2.1 Environment
---------------

+-----------------------+--------------------------+
| Ambient Temp (C)      | 25.0                     |
| ThetaJA (C/W)         | 4.6                      |
| Airflow (LFM)         | 250                      |
| Heat Sink             | medium (Medium Profile)  |
| ThetaSA (C/W)         | 4.6                      |
| Board Selection       | medium (10"x10")         |
| # of Board Layers     | 12to15 (12 to 15 Layers) |
| Board Temperature (C) | 25.0                     |
+-----------------------+--------------------------+


2.2 Clock Constraints
---------------------

+----------------+----------------------------+-----------------+
| Clock          | Domain                     | Constraint (ns) |
+----------------+----------------------------+-----------------+
| CLK            | CLK                        |            10.0 |
| clk_out1_pll   | pll_inst/inst/clk_out1_pll |            20.0 |
| clk_out1_pll_1 | pll_inst/inst/clk_out1_pll |            20.0 |
| clk_out2_pll   | pll_inst/inst/clk_out2_pll |            40.0 |
| clk_out2_pll_1 | pll_inst/inst/clk_out2_pll |            40.0 |
| clkfbout_pll   | pll_inst/inst/clkfbout_pll |            20.0 |
| clkfbout_pll_1 | pll_inst/inst/clkfbout_pll |            20.0 |
| sys_clk_pin    | CLK                        |            10.0 |
+----------------+----------------------------+-----------------+


3. Detailed Reports
-------------------

3.1 By Hierarchy
----------------

+--------------------------------------------------+-----------+
| Name                                             | Power (W) |
+--------------------------------------------------+-----------+
| top                                              |     0.009 |
|   pll_inst                                       |    <0.001 |
|     inst                                         |    <0.001 |
|   u_benchmark                                    |     0.002 |
|     Mem_IROM                                     |    <0.001 |
|       U0                                         |    <0.001 |
|         synth_options.dist_mem_inst              |    <0.001 |
|           gen_rom.rom_inst                       |    <0.001 |
|     dram_driver_inst                             |    <0.001 |
|       Mem_DRAM                                   |    <0.001 |
|         U0                                       |    <0.001 |
|           inst_blk_mem_gen                       |    <0.001 |
|             gnbram.gnativebmg.native_blk_mem_gen |    <0.001 |
|               valid.cstr                         |    <0.001 |
|                 ramloop[0].ram.r                 |    <0.001 |
|                   prim_init.ram                  |    <0.001 |
|     u_seven_seg                                  |    <0.001 |
|   u_cpu                                          |     0.004 |
|     Alu                                          |    <0.001 |
|     Control                                      |    <0.001 |
|     EX_ME                                        |    <0.001 |
|     Extend                                       |    <0.001 |
|     ID_EX                                        |     0.001 |
|     IF_ID                                        |    <0.001 |
|     ME_WB                                        |     0.001 |
|     ProgramCounter                               |    <0.001 |
|     RegisterFile                                 |    <0.001 |
|       RegBank_reg_r1_0_31_0_5                    |    <0.001 |
|       RegBank_reg_r1_0_31_12_17                  |    <0.001 |
|       RegBank_reg_r1_0_31_18_23                  |    <0.001 |
|       RegBank_reg_r1_0_31_24_29                  |    <0.001 |
|       RegBank_reg_r1_0_31_30_31                  |    <0.001 |
|       RegBank_reg_r1_0_31_6_11                   |    <0.001 |
|       RegBank_reg_r2_0_31_0_5                    |    <0.001 |
|       RegBank_reg_r2_0_31_12_17                  |    <0.001 |
|       RegBank_reg_r2_0_31_18_23                  |    <0.001 |
|       RegBank_reg_r2_0_31_24_29                  |    <0.001 |
|       RegBank_reg_r2_0_31_30_31                  |    <0.001 |
|       RegBank_reg_r2_0_31_6_11                   |    <0.001 |
|     u_Memdata                                    |    <0.001 |
+--------------------------------------------------+-----------+


