Exception at PC 0x00007FFF7B7EE132
Attemped to write at address 0x00007FF82F9F4AA4
Printing stacktrace...

[0]  [0x00007FFF7B7EE132]
[1]  [0x00007FFF7B7EE132]
[2]  [0x00007FFF7B7EE194]
[3]  [0x00007FFF7B43D0D7]
[4]  [0x00007FFF7B322BCA]
[5]  [0x00007FFF7B322FD1]
[6]  [0x00007FFF7B7EEB2F]
[7]  [0x00007FFF7B6AC19D]
[8]  [0x00007FFF7B6A5942]
[9]  [0x00007FFF7B6A5AB5]
[10] (RtlEncodeRemotePointer+0xce) [0x00007FF8ACC5F86E]
[11] (RtlRaiseException+0x156e) [0x00007FF8ACB0BCAE]
[12] (LdrShutdownProcess+0x17f) [0x00007FF8ACB8D4AF]
[13] (RtlExitUserProcess+0x9e) [0x00007FF8ACB8C67E]
[14] (FatalExit+0xb) [0x00007FF8AB6418AB]
[15] (exit+0x89) [0x00007FF8AC6CE2C9]
[16] (initterm_e+0x244) [0x00007FF8AC6CE914]
[17]  [0x00000000004014CD]
[18]  [0x000000000040151B]
[19] (BaseThreadInitThunk+0x17) [0x00007FF8AB62E8D7]
[20] (RtlUserThreadStart+0x2c) [0x00007FF8ACB8C53C]
Done
