INFO: [VRFC 10-2263] Analyzing Verilog file "D:/Vivado/code/SME309-RISCV-tmpl2/vivado/vivado_proj.srcs/sources_1/ip/DRAM/sim/DRAM.v" into library xil_defaultlib
INFO: [VRFC 10-311] analyzing module DRAM
INFO: [VRFC 10-2263] Analyzing Verilog file "D:/Vivado/code/SME309-RISCV-tmpl2/vivado/vivado_proj.srcs/sources_1/ip/IROM/sim/IROM.v" into library xil_defaultlib
INFO: [VRFC 10-311] analyzing module IROM
INFO: [VRFC 10-2263] Analyzing Verilog file "D:/Vivado/code/SME309-RISCV-tmpl2/vivado/vivado_proj.srcs/sources_1/ip/pll/pll_clk_wiz.v" into library xil_defaultlib
INFO: [VRFC 10-311] analyzing module pll_clk_wiz
INFO: [VRFC 10-2263] Analyzing Verilog file "D:/Vivado/code/SME309-RISCV-tmpl2/vivado/vivado_proj.srcs/sources_1/ip/pll/pll.v" into library xil_defaultlib
INFO: [VRFC 10-311] analyzing module pll
INFO: [VRFC 10-2263] Analyzing Verilog file "D:/Vivado/code/SME309-RISCV-tmpl2/vivado/vivado_proj.srcs/sources_1/new/Alu.v" into library xil_defaultlib
INFO: [VRFC 10-311] analyzing module Alu
INFO: [VRFC 10-2263] Analyzing Verilog file "D:/Vivado/code/SME309-RISCV-tmpl2/rtl/cpu/CPU_TOP.v" into library xil_defaultlib
INFO: [VRFC 10-311] analyzing module CPU
INFO: [VRFC 10-2263] Analyzing Verilog file "D:/Vivado/code/SME309-RISCV-tmpl2/vivado/vivado_proj.srcs/sources_1/new/Control.v" into library xil_defaultlib
INFO: [VRFC 10-311] analyzing module Control
INFO: [VRFC 10-2263] Analyzing Verilog file "D:/Vivado/code/SME309-RISCV-tmpl2/vivado/vivado_proj.srcs/sources_1/new/Decoder.v" into library xil_defaultlib
INFO: [VRFC 10-311] analyzing module Decoder
INFO: [VRFC 10-2263] Analyzing Verilog file "D:/Vivado/code/SME309-RISCV-tmpl2/vivado/vivado_proj.srcs/sources_1/new/Extend.v" into library xil_defaultlib
INFO: [VRFC 10-311] analyzing module Extend
INFO: [VRFC 10-2263] Analyzing Verilog file "D:/Vivado/code/SME309-RISCV-tmpl2/vivado/vivado_proj.srcs/sources_1/new/Memdata.v" into library xil_defaultlib
INFO: [VRFC 10-311] analyzing module Memdata
INFO: [VRFC 10-2263] Analyzing Verilog file "D:/Vivado/code/SME309-RISCV-tmpl2/vivado/vivado_proj.srcs/sources_1/new/ProgramCounter.v" into library xil_defaultlib
INFO: [VRFC 10-311] analyzing module ProgramCounter
INFO: [VRFC 10-2263] Analyzing Verilog file "D:/Vivado/code/SME309-RISCV-tmpl2/vivado/vivado_proj.srcs/sources_1/new/RegisterFile.v" into library xil_defaultlib
INFO: [VRFC 10-311] analyzing module RegisterFile
INFO: [VRFC 10-2263] Analyzing Verilog file "D:/Vivado/code/SME309-RISCV-tmpl2/rtl/benchmark.v" into library xil_defaultlib
WARNING: [VRFC 10-998] macro MEM_ADDR_START redefined [../../../../../rtl/define.v:6]
WARNING: [VRFC 10-998] macro MEM_ADDR_END redefined [../../../../../rtl/define.v:7]
INFO: [VRFC 10-311] analyzing module benchmark
INFO: [VRFC 10-2263] Analyzing Verilog file "D:/Vivado/code/SME309-RISCV-tmpl2/rtl/dram_driver.v" into library xil_defaultlib
INFO: [VRFC 10-311] analyzing module dram_driver
INFO: [VRFC 10-2263] Analyzing Verilog file "D:/Vivado/code/SME309-RISCV-tmpl2/vivado/vivado_proj.srcs/sources_1/new/ex_me.v" into library xil_defaultlib
INFO: [VRFC 10-311] analyzing module ex_me
INFO: [VRFC 10-2263] Analyzing Verilog file "D:/Vivado/code/SME309-RISCV-tmpl2/vivado/vivado_proj.srcs/sources_1/new/forward_unit.v" into library xil_defaultlib
INFO: [VRFC 10-311] analyzing module forward_unit
INFO: [VRFC 10-2263] Analyzing Verilog file "D:/Vivado/code/SME309-RISCV-tmpl2/vivado/vivado_proj.srcs/sources_1/new/hazard_detection_unit.v" into library xil_defaultlib
INFO: [VRFC 10-311] analyzing module hazard_detection_unit
INFO: [VRFC 10-2263] Analyzing Verilog file "D:/Vivado/code/SME309-RISCV-tmpl2/vivado/vivado_proj.srcs/sources_1/new/id_ex.v" into library xil_defaultlib
INFO: [VRFC 10-311] analyzing module id_ex
INFO: [VRFC 10-2263] Analyzing Verilog file "D:/Vivado/code/SME309-RISCV-tmpl2/vivado/vivado_proj.srcs/sources_1/new/if_id.v" into library xil_defaultlib
INFO: [VRFC 10-311] analyzing module if_id
INFO: [VRFC 10-2263] Analyzing Verilog file "D:/Vivado/code/SME309-RISCV-tmpl2/vivado/vivado_proj.srcs/sources_1/new/me_wb.v" into library xil_defaultlib
INFO: [VRFC 10-311] analyzing module me_wb
INFO: [VRFC 10-2263] Analyzing Verilog file "D:/Vivado/code/SME309-RISCV-tmpl2/rtl/seven_seg.v" into library xil_defaultlib
INFO: [VRFC 10-311] analyzing module seven_seg
INFO: [VRFC 10-2263] Analyzing Verilog file "D:/Vivado/code/SME309-RISCV-tmpl2/vivado/top.v" into library xil_defaultlib
INFO: [VRFC 10-311] analyzing module top
INFO: [VRFC 10-2263] Analyzing Verilog file "D:/Vivado/code/SME309-RISCV-tmpl2/sim/tb_top.v" into library xil_defaultlib
INFO: [VRFC 10-311] analyzing module tb_Top
