#-----------------------------------------------------------
# Vivado v2017.4 (64-bit)
# SW Build 2086221 on Fri Dec 15 20:55:39 MST 2017
# IP Build 2085800 on Fri Dec 15 22:25:07 MST 2017
# Start of session at: Thu Jan  8 05:49:23 2026
# Process ID: 18088
# Current directory: D:/Vivado/code/SME309-RISCV-tmpl2/vivado
# Command line: vivado.exe -gui_launcher_event rodinguilauncherevent17824 D:\Vivado\code\SME309-RISCV-tmpl2\vivado\vivado_proj.xpr
# Log file: D:/Vivado/code/SME309-RISCV-tmpl2/vivado/vivado.log
# Journal file: D:/Vivado/code/SME309-RISCV-tmpl2/vivado\vivado.jou
#-----------------------------------------------------------
start_gui
open_project D:/Vivado/code/SME309-RISCV-tmpl2/vivado/vivado_proj.xpr
Scanning sources...
Finished scanning sources
INFO: [IP_Flow 19-234] Refreshing IP repositories
INFO: [IP_Flow 19-1704] No user IP repositories specified
INFO: [IP_Flow 19-2313] Loaded Vivado IP repository 'D:/Vivado/Vivado/2017.4/data/ip'.
open_project: Time (s): cpu = 00:00:13 ; elapsed = 00:00:08 . Memory (MB): peak = 792.789 ; gain = 93.031
update_compile_order -fileset sources_1
launch_simulation
INFO: [Vivado 12-5698] Checking validity of IPs in the design for the 'XSim' simulator...
INFO: [Vivado 12-5682] Launching behavioral simulation in 'D:/Vivado/code/SME309-RISCV-tmpl2/vivado/vivado_proj.sim/sim_1/behav/xsim'
INFO: [Vivado 12-4795] Using compiled simulation libraries for IPs
INFO: [SIM-utils-51] Simulation object is 'sim_1'
INFO: [USF-XSim-7] Finding pre-compiled libraries...
INFO: [USF-XSim-11] File 'D:/Vivado/Vivado/2017.4/data/xsim/ip/xsim_ip.ini' copied to run dir:'D:/Vivado/code/SME309-RISCV-tmpl2/vivado/vivado_proj.sim/sim_1/behav/xsim'
INFO: [SIM-utils-54] Inspecting design source files for 'tb_Top' in fileset 'sim_1'...
INFO: [SIM-utils-43] Exported 'D:/Vivado/code/SME309-RISCV-tmpl2/vivado/vivado_proj.sim/sim_1/behav/xsim/DRAM.mif'
INFO: [SIM-utils-43] Exported 'D:/Vivado/code/SME309-RISCV-tmpl2/vivado/vivado_proj.sim/sim_1/behav/xsim/all_test_case.coe'
INFO: [SIM-utils-43] Exported 'D:/Vivado/code/SME309-RISCV-tmpl2/vivado/vivado_proj.sim/sim_1/behav/xsim/IROM.mif'
INFO: [SIM-utils-43] Exported 'D:/Vivado/code/SME309-RISCV-tmpl2/vivado/vivado_proj.sim/sim_1/behav/xsim/all_test.coe'
INFO: [SIM-utils-43] Exported 'D:/Vivado/code/SME309-RISCV-tmpl2/vivado/vivado_proj.sim/sim_1/behav/xsim/add_loop.coe'
INFO: [USF-XSim-97] Finding global include files...
INFO: [USF-XSim-98] Fetching design files from 'sim_1'...
INFO: [USF-XSim-2] XSim::Compile design
INFO: [USF-XSim-61] Executing 'COMPILE and ANALYZE' step in 'D:/Vivado/code/SME309-RISCV-tmpl2/vivado/vivado_proj.sim/sim_1/behav/xsim'
"xvlog --incr --relax -prj tb_Top_vlog.prj"
INFO: [USF-XSim-69] 'compile' step finished in '2' seconds
INFO: [USF-XSim-3] XSim::Elaborate design
INFO: [USF-XSim-61] Executing 'ELABORATE' step in 'D:/Vivado/code/SME309-RISCV-tmpl2/vivado/vivado_proj.sim/sim_1/behav/xsim'
Vivado Simulator 2017.4
Copyright 1986-1999, 2001-2016 Xilinx, Inc. All Rights Reserved.
Running: D:/Vivado/Vivado/2017.4/bin/unwrapped/win64.o/xelab.exe -wto 3e6eff3e2d4a4c50a15ac3f36e4eed88 --incr --debug typical --relax --mt 2 -L blk_mem_gen_v8_4_1 -L xil_defaultlib -L dist_mem_gen_v8_0_12 -L unisims_ver -L unimacro_ver -L secureip -L xpm --snapshot tb_Top_behav xil_defaultlib.tb_Top xil_defaultlib.glbl -log elaborate.log 
Using 2 slave threads.
Starting static elaboration
WARNING: [VRFC 10-278] actual bit length 32 differs from formal bit length 10 for port a [D:/Vivado/code/SME309-RISCV-tmpl2/rtl/benchmark.v:47]
WARNING: [VRFC 10-1783] select index 62 into current_contents is out of bounds [/wrk/2017.4/nightly/2017_12_15_2086221/packages/customer/vivado/data/ip/xilinx/blk_mem_gen_v8_4/simulation/blk_mem_gen_v8_4.v:2420]
Completed static elaboration
INFO: [XSIM 43-4323] No Change in HDL. Linking previously generated obj files to create kernel
INFO: [USF-XSim-69] 'elaborate' step finished in '4' seconds
INFO: [USF-XSim-4] XSim::Simulate design
INFO: [USF-XSim-61] Executing 'SIMULATE' step in 'D:/Vivado/code/SME309-RISCV-tmpl2/vivado/vivado_proj.sim/sim_1/behav/xsim'
INFO: [USF-XSim-98] *** Running xsim
   with args "tb_Top_behav -key {Behavioral:sim_1:Functional:tb_Top} -tclbatch {tb_Top.tcl} -log {simulate.log}"
INFO: [USF-XSim-8] Loading simulator feature
Vivado Simulator 2017.4
Time resolution is 1 ps
source tb_Top.tcl
# set curr_wave [current_wave_config]
# if { [string length $curr_wave] == 0 } {
#   if { [llength [get_objects]] > 0} {
#     add_wave /
#     set_property needs_save false [current_wave_config]
#   } else {
#      send_msg_id Add_Wave-1 WARNING "No top level signals found. Simulator will start without a wave window. If you want to open a wave window go to 'File->New Waveform Configuration' or type 'create_wave_config' in the TCL console."
#   }
# }
# run 1000ns
WARNING: This core is supplied with a behavioral model. To model cycle-accurate behavior you must run timing simulation.
 Block Memory Generator module loading initial data...
 Block Memory Generator data initialization complete.
Block Memory Generator module tb_Top.dut.u_benchmark.dram_driver_inst.Mem_DRAM.inst.native_mem_module.blk_mem_gen_v8_4_1_inst is using a behavioral model for simulation which will not precisely model memory collision behavior.
save to testbench.wave
Warning : input CLKIN1 period and attribute CLKIN1_PERIOD on PLLE2_ADV instance tb_Top.dut.pll_inst.inst.plle2_adv_inst are not same.
INFO: [USF-XSim-96] XSim completed. Design snapshot 'tb_Top_behav' loaded.
INFO: [USF-XSim-97] XSim simulation ran for 1000ns
launch_simulation: Time (s): cpu = 00:00:07 ; elapsed = 00:00:12 . Memory (MB): peak = 825.355 ; gain = 23.023
run 1000 ns
run 1000 ns
run all
$finish called at time : 100010 ns : File "D:/Vivado/code/SME309-RISCV-tmpl2/sim/tb_top.v" Line 32
run: Time (s): cpu = 00:00:28 ; elapsed = 00:00:28 . Memory (MB): peak = 856.387 ; gain = 0.000
relaunch_sim
INFO: [Vivado 12-5698] Checking validity of IPs in the design for the 'XSim' simulator...
INFO: [Vivado 12-5682] Launching behavioral simulation in 'D:/Vivado/code/SME309-RISCV-tmpl2/vivado/vivado_proj.sim/sim_1/behav/xsim'
INFO: [Vivado 12-4795] Using compiled simulation libraries for IPs
INFO: [SIM-utils-51] Simulation object is 'sim_1'
INFO: [USF-XSim-7] Finding pre-compiled libraries...
INFO: [USF-XSim-11] File 'D:/Vivado/Vivado/2017.4/data/xsim/ip/xsim_ip.ini' copied to run dir:'D:/Vivado/code/SME309-RISCV-tmpl2/vivado/vivado_proj.sim/sim_1/behav/xsim'
INFO: [SIM-utils-54] Inspecting design source files for 'tb_Top' in fileset 'sim_1'...
INFO: [SIM-utils-43] Exported 'D:/Vivado/code/SME309-RISCV-tmpl2/vivado/vivado_proj.sim/sim_1/behav/xsim/DRAM.mif'
INFO: [SIM-utils-43] Exported 'D:/Vivado/code/SME309-RISCV-tmpl2/vivado/vivado_proj.sim/sim_1/behav/xsim/all_test_case.coe'
INFO: [SIM-utils-43] Exported 'D:/Vivado/code/SME309-RISCV-tmpl2/vivado/vivado_proj.sim/sim_1/behav/xsim/IROM.mif'
INFO: [SIM-utils-43] Exported 'D:/Vivado/code/SME309-RISCV-tmpl2/vivado/vivado_proj.sim/sim_1/behav/xsim/all_test.coe'
INFO: [SIM-utils-43] Exported 'D:/Vivado/code/SME309-RISCV-tmpl2/vivado/vivado_proj.sim/sim_1/behav/xsim/add_loop.coe'
INFO: [USF-XSim-97] Finding global include files...
INFO: [USF-XSim-98] Fetching design files from 'sim_1'...
INFO: [USF-XSim-2] XSim::Compile design
INFO: [USF-XSim-61] Executing 'COMPILE and ANALYZE' step in 'D:/Vivado/code/SME309-RISCV-tmpl2/vivado/vivado_proj.sim/sim_1/behav/xsim'
"xvlog --incr --relax -prj tb_Top_vlog.prj"
INFO: [USF-XSim-69] 'compile' step finished in '1' seconds
INFO: [Vivado 12-5698] Checking validity of IPs in the design for the 'XSim' simulator...
INFO: [Vivado 12-5682] Launching behavioral simulation in 'D:/Vivado/code/SME309-RISCV-tmpl2/vivado/vivado_proj.sim/sim_1/behav/xsim'
INFO: [Vivado 12-4795] Using compiled simulation libraries for IPs
INFO: [USF-XSim-3] XSim::Elaborate design
INFO: [USF-XSim-61] Executing 'ELABORATE' step in 'D:/Vivado/code/SME309-RISCV-tmpl2/vivado/vivado_proj.sim/sim_1/behav/xsim'
Vivado Simulator 2017.4
Copyright 1986-1999, 2001-2016 Xilinx, Inc. All Rights Reserved.
Running: D:/Vivado/Vivado/2017.4/bin/unwrapped/win64.o/xelab.exe -wto 3e6eff3e2d4a4c50a15ac3f36e4eed88 --incr --debug typical --relax --mt 2 -L blk_mem_gen_v8_4_1 -L xil_defaultlib -L dist_mem_gen_v8_0_12 -L unisims_ver -L unimacro_ver -L secureip -L xpm --snapshot tb_Top_behav xil_defaultlib.tb_Top xil_defaultlib.glbl -log elaborate.log 
Using 2 slave threads.
Starting static elaboration
WARNING: [VRFC 10-278] actual bit length 32 differs from formal bit length 10 for port a [D:/Vivado/code/SME309-RISCV-tmpl2/rtl/benchmark.v:47]
WARNING: [VRFC 10-1783] select index 62 into current_contents is out of bounds [/wrk/2017.4/nightly/2017_12_15_2086221/packages/customer/vivado/data/ip/xilinx/blk_mem_gen_v8_4/simulation/blk_mem_gen_v8_4.v:2420]
Completed static elaboration
INFO: [XSIM 43-4323] No Change in HDL. Linking previously generated obj files to create kernel
INFO: [USF-XSim-69] 'elaborate' step finished in '2' seconds
Vivado Simulator 2017.4
Time resolution is 1 ps
WARNING: This core is supplied with a behavioral model. To model cycle-accurate behavior you must run timing simulation.
 Block Memory Generator module loading initial data...
 Block Memory Generator data initialization complete.
Block Memory Generator module tb_Top.dut.u_benchmark.dram_driver_inst.Mem_DRAM.inst.native_mem_module.blk_mem_gen_v8_4_1_inst is using a behavioral model for simulation which will not precisely model memory collision behavior.
save to testbench.wave
Warning : input CLKIN1 period and attribute CLKIN1_PERIOD on PLLE2_ADV instance tb_Top.dut.pll_inst.inst.plle2_adv_inst are not same.
relaunch_sim: Time (s): cpu = 00:00:05 ; elapsed = 00:00:08 . Memory (MB): peak = 889.168 ; gain = 32.781
run 1000 ns
relaunch_sim
INFO: [Vivado 12-5698] Checking validity of IPs in the design for the 'XSim' simulator...
INFO: [Vivado 12-5682] Launching behavioral simulation in 'D:/Vivado/code/SME309-RISCV-tmpl2/vivado/vivado_proj.sim/sim_1/behav/xsim'
INFO: [Vivado 12-4795] Using compiled simulation libraries for IPs
INFO: [SIM-utils-51] Simulation object is 'sim_1'
INFO: [USF-XSim-7] Finding pre-compiled libraries...
INFO: [USF-XSim-11] File 'D:/Vivado/Vivado/2017.4/data/xsim/ip/xsim_ip.ini' copied to run dir:'D:/Vivado/code/SME309-RISCV-tmpl2/vivado/vivado_proj.sim/sim_1/behav/xsim'
INFO: [SIM-utils-54] Inspecting design source files for 'tb_Top' in fileset 'sim_1'...
INFO: [SIM-utils-43] Exported 'D:/Vivado/code/SME309-RISCV-tmpl2/vivado/vivado_proj.sim/sim_1/behav/xsim/DRAM.mif'
INFO: [SIM-utils-43] Exported 'D:/Vivado/code/SME309-RISCV-tmpl2/vivado/vivado_proj.sim/sim_1/behav/xsim/all_test_case.coe'
INFO: [SIM-utils-43] Exported 'D:/Vivado/code/SME309-RISCV-tmpl2/vivado/vivado_proj.sim/sim_1/behav/xsim/IROM.mif'
INFO: [SIM-utils-43] Exported 'D:/Vivado/code/SME309-RISCV-tmpl2/vivado/vivado_proj.sim/sim_1/behav/xsim/all_test.coe'
INFO: [SIM-utils-43] Exported 'D:/Vivado/code/SME309-RISCV-tmpl2/vivado/vivado_proj.sim/sim_1/behav/xsim/add_loop.coe'
INFO: [USF-XSim-97] Finding global include files...
INFO: [USF-XSim-98] Fetching design files from 'sim_1'...
INFO: [USF-XSim-2] XSim::Compile design
INFO: [USF-XSim-61] Executing 'COMPILE and ANALYZE' step in 'D:/Vivado/code/SME309-RISCV-tmpl2/vivado/vivado_proj.sim/sim_1/behav/xsim'
"xvlog --incr --relax -prj tb_Top_vlog.prj"
INFO: [USF-XSim-69] 'compile' step finished in '1' seconds
INFO: [Vivado 12-5698] Checking validity of IPs in the design for the 'XSim' simulator...
INFO: [Vivado 12-5682] Launching behavioral simulation in 'D:/Vivado/code/SME309-RISCV-tmpl2/vivado/vivado_proj.sim/sim_1/behav/xsim'
INFO: [Vivado 12-4795] Using compiled simulation libraries for IPs
INFO: [USF-XSim-3] XSim::Elaborate design
INFO: [USF-XSim-61] Executing 'ELABORATE' step in 'D:/Vivado/code/SME309-RISCV-tmpl2/vivado/vivado_proj.sim/sim_1/behav/xsim'
Vivado Simulator 2017.4
Copyright 1986-1999, 2001-2016 Xilinx, Inc. All Rights Reserved.
Running: D:/Vivado/Vivado/2017.4/bin/unwrapped/win64.o/xelab.exe -wto 3e6eff3e2d4a4c50a15ac3f36e4eed88 --incr --debug typical --relax --mt 2 -L blk_mem_gen_v8_4_1 -L xil_defaultlib -L dist_mem_gen_v8_0_12 -L unisims_ver -L unimacro_ver -L secureip -L xpm --snapshot tb_Top_behav xil_defaultlib.tb_Top xil_defaultlib.glbl -log elaborate.log 
Using 2 slave threads.
Starting static elaboration
WARNING: [VRFC 10-278] actual bit length 32 differs from formal bit length 10 for port a [D:/Vivado/code/SME309-RISCV-tmpl2/rtl/benchmark.v:47]
WARNING: [VRFC 10-1783] select index 62 into current_contents is out of bounds [/wrk/2017.4/nightly/2017_12_15_2086221/packages/customer/vivado/data/ip/xilinx/blk_mem_gen_v8_4/simulation/blk_mem_gen_v8_4.v:2420]
Completed static elaboration
INFO: [XSIM 43-4323] No Change in HDL. Linking previously generated obj files to create kernel
INFO: [USF-XSim-69] 'elaborate' step finished in '1' seconds
Vivado Simulator 2017.4
Time resolution is 1 ps
WARNING: This core is supplied with a behavioral model. To model cycle-accurate behavior you must run timing simulation.
 Block Memory Generator module loading initial data...
 Block Memory Generator data initialization complete.
Block Memory Generator module tb_Top.dut.u_benchmark.dram_driver_inst.Mem_DRAM.inst.native_mem_module.blk_mem_gen_v8_4_1_inst is using a behavioral model for simulation which will not precisely model memory collision behavior.
save to testbench.wave
Warning : input CLKIN1 period and attribute CLKIN1_PERIOD on PLLE2_ADV instance tb_Top.dut.pll_inst.inst.plle2_adv_inst are not same.
relaunch_sim: Time (s): cpu = 00:00:02 ; elapsed = 00:00:07 . Memory (MB): peak = 891.539 ; gain = 0.000
run 1000 ns
relaunch_sim
INFO: [Vivado 12-5698] Checking validity of IPs in the design for the 'XSim' simulator...
INFO: [Vivado 12-5682] Launching behavioral simulation in 'D:/Vivado/code/SME309-RISCV-tmpl2/vivado/vivado_proj.sim/sim_1/behav/xsim'
INFO: [Vivado 12-4795] Using compiled simulation libraries for IPs
INFO: [SIM-utils-51] Simulation object is 'sim_1'
INFO: [USF-XSim-7] Finding pre-compiled libraries...
INFO: [USF-XSim-11] File 'D:/Vivado/Vivado/2017.4/data/xsim/ip/xsim_ip.ini' copied to run dir:'D:/Vivado/code/SME309-RISCV-tmpl2/vivado/vivado_proj.sim/sim_1/behav/xsim'
INFO: [SIM-utils-54] Inspecting design source files for 'tb_Top' in fileset 'sim_1'...
INFO: [SIM-utils-43] Exported 'D:/Vivado/code/SME309-RISCV-tmpl2/vivado/vivado_proj.sim/sim_1/behav/xsim/DRAM.mif'
INFO: [SIM-utils-43] Exported 'D:/Vivado/code/SME309-RISCV-tmpl2/vivado/vivado_proj.sim/sim_1/behav/xsim/all_test_case.coe'
INFO: [SIM-utils-43] Exported 'D:/Vivado/code/SME309-RISCV-tmpl2/vivado/vivado_proj.sim/sim_1/behav/xsim/IROM.mif'
INFO: [SIM-utils-43] Exported 'D:/Vivado/code/SME309-RISCV-tmpl2/vivado/vivado_proj.sim/sim_1/behav/xsim/all_test.coe'
INFO: [SIM-utils-43] Exported 'D:/Vivado/code/SME309-RISCV-tmpl2/vivado/vivado_proj.sim/sim_1/behav/xsim/add_loop.coe'
INFO: [USF-XSim-97] Finding global include files...
INFO: [USF-XSim-98] Fetching design files from 'sim_1'...
INFO: [USF-XSim-2] XSim::Compile design
INFO: [USF-XSim-61] Executing 'COMPILE and ANALYZE' step in 'D:/Vivado/code/SME309-RISCV-tmpl2/vivado/vivado_proj.sim/sim_1/behav/xsim'
"xvlog --incr --relax -prj tb_Top_vlog.prj"
INFO: [VRFC 10-2263] Analyzing Verilog file "D:/Vivado/code/SME309-RISCV-tmpl2/vivado/vivado_proj.srcs/sources_1/ip/DRAM/sim/DRAM.v" into library xil_defaultlib
INFO: [VRFC 10-311] analyzing module DRAM
INFO: [VRFC 10-2263] Analyzing Verilog file "D:/Vivado/code/SME309-RISCV-tmpl2/vivado/vivado_proj.srcs/sources_1/ip/IROM/sim/IROM.v" into library xil_defaultlib
INFO: [VRFC 10-311] analyzing module IROM
INFO: [VRFC 10-2263] Analyzing Verilog file "D:/Vivado/code/SME309-RISCV-tmpl2/vivado/vivado_proj.srcs/sources_1/ip/pll/pll_clk_wiz.v" into library xil_defaultlib
INFO: [VRFC 10-311] analyzing module pll_clk_wiz
INFO: [VRFC 10-2263] Analyzing Verilog file "D:/Vivado/code/SME309-RISCV-tmpl2/vivado/vivado_proj.srcs/sources_1/ip/pll/pll.v" into library xil_defaultlib
INFO: [VRFC 10-311] analyzing module pll
INFO: [VRFC 10-2263] Analyzing Verilog file "D:/Vivado/code/SME309-RISCV-tmpl2/vivado/vivado_proj.srcs/sources_1/new/Alu.v" into library xil_defaultlib
INFO: [VRFC 10-311] analyzing module Alu
INFO: [VRFC 10-2263] Analyzing Verilog file "D:/Vivado/code/SME309-RISCV-tmpl2/rtl/cpu/CPU_TOP.v" into library xil_defaultlib
INFO: [VRFC 10-311] analyzing module CPU
INFO: [VRFC 10-2263] Analyzing Verilog file "D:/Vivado/code/SME309-RISCV-tmpl2/vivado/vivado_proj.srcs/sources_1/new/Control.v" into library xil_defaultlib
INFO: [VRFC 10-311] analyzing module Control
INFO: [VRFC 10-2263] Analyzing Verilog file "D:/Vivado/code/SME309-RISCV-tmpl2/vivado/vivado_proj.srcs/sources_1/new/Decoder.v" into library xil_defaultlib
INFO: [VRFC 10-311] analyzing module Decoder
INFO: [VRFC 10-2263] Analyzing Verilog file "D:/Vivado/code/SME309-RISCV-tmpl2/vivado/vivado_proj.srcs/sources_1/new/Extend.v" into library xil_defaultlib
INFO: [VRFC 10-311] analyzing module Extend
INFO: [VRFC 10-2263] Analyzing Verilog file "D:/Vivado/code/SME309-RISCV-tmpl2/vivado/vivado_proj.srcs/sources_1/new/Memdata.v" into library xil_defaultlib
INFO: [VRFC 10-311] analyzing module Memdata
INFO: [VRFC 10-2263] Analyzing Verilog file "D:/Vivado/code/SME309-RISCV-tmpl2/vivado/vivado_proj.srcs/sources_1/new/ProgramCounter.v" into library xil_defaultlib
INFO: [VRFC 10-311] analyzing module ProgramCounter
INFO: [VRFC 10-2263] Analyzing Verilog file "D:/Vivado/code/SME309-RISCV-tmpl2/vivado/vivado_proj.srcs/sources_1/new/RegisterFile.v" into library xil_defaultlib
INFO: [VRFC 10-311] analyzing module RegisterFile
INFO: [VRFC 10-2263] Analyzing Verilog file "D:/Vivado/code/SME309-RISCV-tmpl2/rtl/benchmark.v" into library xil_defaultlib
WARNING: [VRFC 10-998] macro MEM_ADDR_START redefined [../../../../../rtl/define.v:6]
WARNING: [VRFC 10-998] macro MEM_ADDR_END redefined [../../../../../rtl/define.v:7]
INFO: [VRFC 10-311] analyzing module benchmark
INFO: [VRFC 10-2263] Analyzing Verilog file "D:/Vivado/code/SME309-RISCV-tmpl2/rtl/dram_driver.v" into library xil_defaultlib
INFO: [VRFC 10-311] analyzing module dram_driver
INFO: [VRFC 10-2263] Analyzing Verilog file "D:/Vivado/code/SME309-RISCV-tmpl2/vivado/vivado_proj.srcs/sources_1/new/ex_me.v" into library xil_defaultlib
INFO: [VRFC 10-311] analyzing module ex_me
INFO: [VRFC 10-2263] Analyzing Verilog file "D:/Vivado/code/SME309-RISCV-tmpl2/vivado/vivado_proj.srcs/sources_1/new/forward_unit.v" into library xil_defaultlib
INFO: [VRFC 10-311] analyzing module forward_unit
INFO: [VRFC 10-2263] Analyzing Verilog file "D:/Vivado/code/SME309-RISCV-tmpl2/vivado/vivado_proj.srcs/sources_1/new/hazard_detection_unit.v" into library xil_defaultlib
INFO: [VRFC 10-311] analyzing module hazard_detection_unit
INFO: [VRFC 10-2263] Analyzing Verilog file "D:/Vivado/code/SME309-RISCV-tmpl2/vivado/vivado_proj.srcs/sources_1/new/id_ex.v" into library xil_defaultlib
INFO: [VRFC 10-311] analyzing module id_ex
INFO: [VRFC 10-2263] Analyzing Verilog file "D:/Vivado/code/SME309-RISCV-tmpl2/vivado/vivado_proj.srcs/sources_1/new/if_id.v" into library xil_defaultlib
INFO: [VRFC 10-311] analyzing module if_id
INFO: [VRFC 10-2263] Analyzing Verilog file "D:/Vivado/code/SME309-RISCV-tmpl2/vivado/vivado_proj.srcs/sources_1/new/me_wb.v" into library xil_defaultlib
INFO: [VRFC 10-311] analyzing module me_wb
INFO: [VRFC 10-2263] Analyzing Verilog file "D:/Vivado/code/SME309-RISCV-tmpl2/rtl/seven_seg.v" into library xil_defaultlib
INFO: [VRFC 10-311] analyzing module seven_seg
INFO: [VRFC 10-2263] Analyzing Verilog file "D:/Vivado/code/SME309-RISCV-tmpl2/vivado/top.v" into library xil_defaultlib
INFO: [VRFC 10-311] analyzing module top
INFO: [VRFC 10-2263] Analyzing Verilog file "D:/Vivado/code/SME309-RISCV-tmpl2/sim/tb_top.v" into library xil_defaultlib
INFO: [VRFC 10-311] analyzing module tb_Top
INFO: [USF-XSim-69] 'compile' step finished in '3' seconds
INFO: [Vivado 12-5698] Checking validity of IPs in the design for the 'XSim' simulator...
INFO: [Vivado 12-5682] Launching behavioral simulation in 'D:/Vivado/code/SME309-RISCV-tmpl2/vivado/vivado_proj.sim/sim_1/behav/xsim'
INFO: [Vivado 12-4795] Using compiled simulation libraries for IPs
INFO: [USF-XSim-3] XSim::Elaborate design
INFO: [USF-XSim-61] Executing 'ELABORATE' step in 'D:/Vivado/code/SME309-RISCV-tmpl2/vivado/vivado_proj.sim/sim_1/behav/xsim'
Vivado Simulator 2017.4
Copyright 1986-1999, 2001-2016 Xilinx, Inc. All Rights Reserved.
Running: D:/Vivado/Vivado/2017.4/bin/unwrapped/win64.o/xelab.exe -wto 3e6eff3e2d4a4c50a15ac3f36e4eed88 --incr --debug typical --relax --mt 2 -L blk_mem_gen_v8_4_1 -L xil_defaultlib -L dist_mem_gen_v8_0_12 -L unisims_ver -L unimacro_ver -L secureip -L xpm --snapshot tb_Top_behav xil_defaultlib.tb_Top xil_defaultlib.glbl -log elaborate.log 
Using 2 slave threads.
Starting static elaboration
WARNING: [VRFC 10-278] actual bit length 32 differs from formal bit length 10 for port a [D:/Vivado/code/SME309-RISCV-tmpl2/rtl/benchmark.v:47]
WARNING: [VRFC 10-1783] select index 62 into current_contents is out of bounds [/wrk/2017.4/nightly/2017_12_15_2086221/packages/customer/vivado/data/ip/xilinx/blk_mem_gen_v8_4/simulation/blk_mem_gen_v8_4.v:2420]
Completed static elaboration
Starting simulation data flow analysis
Completed simulation data flow analysis
Time Resolution for simulation is 1ps
Compiling module unisims_ver.IBUF
Compiling module unisims_ver.PLLE2_ADV(CLKFBOUT_MULT=17,CLKIN...
Compiling module unisims_ver.BUFG
Compiling module xil_defaultlib.pll_clk_wiz
Compiling module xil_defaultlib.pll
Compiling module xil_defaultlib.if_id
Compiling module xil_defaultlib.Decoder
Compiling module xil_defaultlib.Control
Compiling module xil_defaultlib.Extend
Compiling module xil_defaultlib.RegisterFile
Compiling module xil_defaultlib.hazard_detection_unit
Compiling module xil_defaultlib.id_ex
Compiling module xil_defaultlib.forward_unit
Compiling module xil_defaultlib.Alu
Compiling module xil_defaultlib.ex_me
Compiling module xil_defaultlib.Memdata
Compiling module xil_defaultlib.me_wb
Compiling module xil_defaultlib.ProgramCounter
Compiling module xil_defaultlib.CPU
Compiling module dist_mem_gen_v8_0_12.dist_mem_gen_v8_0_12(C_FAMILY="a...
Compiling module xil_defaultlib.IROM
Compiling module blk_mem_gen_v8_4_1.blk_mem_gen_v8_4_1_output_stage(...
Compiling module blk_mem_gen_v8_4_1.blk_mem_gen_v8_4_1_output_stage(...
Compiling module blk_mem_gen_v8_4_1.blk_mem_gen_v8_4_1_softecc_outpu...
Compiling module blk_mem_gen_v8_4_1.blk_mem_gen_v8_4_1_mem_module(C_...
Compiling module blk_mem_gen_v8_4_1.blk_mem_gen_v8_4_1(C_FAMILY="art...
Compiling module xil_defaultlib.DRAM
Compiling module xil_defaultlib.dram_driver
Compiling module xil_defaultlib.seven_seg
Compiling module xil_defaultlib.benchmark
Compiling module xil_defaultlib.top
Compiling module xil_defaultlib.tb_Top
Compiling module xil_defaultlib.glbl
Built simulation snapshot tb_Top_behav
run_program: Time (s): cpu = 00:00:00 ; elapsed = 00:00:08 . Memory (MB): peak = 914.387 ; gain = 0.000
INFO: [USF-XSim-69] 'elaborate' step finished in '8' seconds
launch_simulation: Time (s): cpu = 00:00:00 ; elapsed = 00:00:08 . Memory (MB): peak = 914.387 ; gain = 0.000
Vivado Simulator 2017.4
Time resolution is 1 ps
WARNING: This core is supplied with a behavioral model. To model cycle-accurate behavior you must run timing simulation.
 Block Memory Generator module loading initial data...
 Block Memory Generator data initialization complete.
Block Memory Generator module tb_Top.dut.u_benchmark.dram_driver_inst.Mem_DRAM.inst.native_mem_module.blk_mem_gen_v8_4_1_inst is using a behavioral model for simulation which will not precisely model memory collision behavior.
save to testbench.wave
Warning : input CLKIN1 period and attribute CLKIN1_PERIOD on PLLE2_ADV instance tb_Top.dut.pll_inst.inst.plle2_adv_inst are not same.
relaunch_sim: Time (s): cpu = 00:00:02 ; elapsed = 00:00:15 . Memory (MB): peak = 914.387 ; gain = 0.066
run 1000 ns
run 1000 ns
relaunch_sim
INFO: [Vivado 12-5698] Checking validity of IPs in the design for the 'XSim' simulator...
INFO: [Vivado 12-5682] Launching behavioral simulation in 'D:/Vivado/code/SME309-RISCV-tmpl2/vivado/vivado_proj.sim/sim_1/behav/xsim'
INFO: [Vivado 12-4795] Using compiled simulation libraries for IPs
INFO: [SIM-utils-51] Simulation object is 'sim_1'
INFO: [USF-XSim-7] Finding pre-compiled libraries...
INFO: [USF-XSim-11] File 'D:/Vivado/Vivado/2017.4/data/xsim/ip/xsim_ip.ini' copied to run dir:'D:/Vivado/code/SME309-RISCV-tmpl2/vivado/vivado_proj.sim/sim_1/behav/xsim'
INFO: [SIM-utils-54] Inspecting design source files for 'tb_Top' in fileset 'sim_1'...
INFO: [SIM-utils-43] Exported 'D:/Vivado/code/SME309-RISCV-tmpl2/vivado/vivado_proj.sim/sim_1/behav/xsim/DRAM.mif'
INFO: [SIM-utils-43] Exported 'D:/Vivado/code/SME309-RISCV-tmpl2/vivado/vivado_proj.sim/sim_1/behav/xsim/all_test_case.coe'
INFO: [SIM-utils-43] Exported 'D:/Vivado/code/SME309-RISCV-tmpl2/vivado/vivado_proj.sim/sim_1/behav/xsim/IROM.mif'
INFO: [SIM-utils-43] Exported 'D:/Vivado/code/SME309-RISCV-tmpl2/vivado/vivado_proj.sim/sim_1/behav/xsim/all_test.coe'
INFO: [SIM-utils-43] Exported 'D:/Vivado/code/SME309-RISCV-tmpl2/vivado/vivado_proj.sim/sim_1/behav/xsim/add_loop.coe'
INFO: [USF-XSim-97] Finding global include files...
INFO: [USF-XSim-98] Fetching design files from 'sim_1'...
INFO: [USF-XSim-2] XSim::Compile design
INFO: [USF-XSim-61] Executing 'COMPILE and ANALYZE' step in 'D:/Vivado/code/SME309-RISCV-tmpl2/vivado/vivado_proj.sim/sim_1/behav/xsim'
"xvlog --incr --relax -prj tb_Top_vlog.prj"
INFO: [VRFC 10-2263] Analyzing Verilog file "D:/Vivado/code/SME309-RISCV-tmpl2/vivado/vivado_proj.srcs/sources_1/ip/DRAM/sim/DRAM.v" into library xil_defaultlib
INFO: [VRFC 10-311] analyzing module DRAM
INFO: [VRFC 10-2263] Analyzing Verilog file "D:/Vivado/code/SME309-RISCV-tmpl2/vivado/vivado_proj.srcs/sources_1/ip/IROM/sim/IROM.v" into library xil_defaultlib
INFO: [VRFC 10-311] analyzing module IROM
INFO: [VRFC 10-2263] Analyzing Verilog file "D:/Vivado/code/SME309-RISCV-tmpl2/vivado/vivado_proj.srcs/sources_1/ip/pll/pll_clk_wiz.v" into library xil_defaultlib
INFO: [VRFC 10-311] analyzing module pll_clk_wiz
INFO: [VRFC 10-2263] Analyzing Verilog file "D:/Vivado/code/SME309-RISCV-tmpl2/vivado/vivado_proj.srcs/sources_1/ip/pll/pll.v" into library xil_defaultlib
INFO: [VRFC 10-311] analyzing module pll
INFO: [VRFC 10-2263] Analyzing Verilog file "D:/Vivado/code/SME309-RISCV-tmpl2/vivado/vivado_proj.srcs/sources_1/new/Alu.v" into library xil_defaultlib
INFO: [VRFC 10-311] analyzing module Alu
INFO: [VRFC 10-2263] Analyzing Verilog file "D:/Vivado/code/SME309-RISCV-tmpl2/rtl/cpu/CPU_TOP.v" into library xil_defaultlib
INFO: [VRFC 10-311] analyzing module CPU
INFO: [VRFC 10-2263] Analyzing Verilog file "D:/Vivado/code/SME309-RISCV-tmpl2/vivado/vivado_proj.srcs/sources_1/new/Control.v" into library xil_defaultlib
INFO: [VRFC 10-311] analyzing module Control
INFO: [VRFC 10-2263] Analyzing Verilog file "D:/Vivado/code/SME309-RISCV-tmpl2/vivado/vivado_proj.srcs/sources_1/new/Decoder.v" into library xil_defaultlib
INFO: [VRFC 10-311] analyzing module Decoder
INFO: [VRFC 10-2263] Analyzing Verilog file "D:/Vivado/code/SME309-RISCV-tmpl2/vivado/vivado_proj.srcs/sources_1/new/Extend.v" into library xil_defaultlib
INFO: [VRFC 10-311] analyzing module Extend
INFO: [VRFC 10-2263] Analyzing Verilog file "D:/Vivado/code/SME309-RISCV-tmpl2/vivado/vivado_proj.srcs/sources_1/new/Memdata.v" into library xil_defaultlib
INFO: [VRFC 10-311] analyzing module Memdata
INFO: [VRFC 10-2263] Analyzing Verilog file "D:/Vivado/code/SME309-RISCV-tmpl2/vivado/vivado_proj.srcs/sources_1/new/ProgramCounter.v" into library xil_defaultlib
INFO: [VRFC 10-311] analyzing module ProgramCounter
INFO: [VRFC 10-2263] Analyzing Verilog file "D:/Vivado/code/SME309-RISCV-tmpl2/vivado/vivado_proj.srcs/sources_1/new/RegisterFile.v" into library xil_defaultlib
INFO: [VRFC 10-311] analyzing module RegisterFile
INFO: [VRFC 10-2263] Analyzing Verilog file "D:/Vivado/code/SME309-RISCV-tmpl2/rtl/benchmark.v" into library xil_defaultlib
WARNING: [VRFC 10-998] macro MEM_ADDR_START redefined [../../../../../rtl/define.v:6]
WARNING: [VRFC 10-998] macro MEM_ADDR_END redefined [../../../../../rtl/define.v:7]
INFO: [VRFC 10-311] analyzing module benchmark
INFO: [VRFC 10-2263] Analyzing Verilog file "D:/Vivado/code/SME309-RISCV-tmpl2/rtl/dram_driver.v" into library xil_defaultlib
INFO: [VRFC 10-311] analyzing module dram_driver
INFO: [VRFC 10-2263] Analyzing Verilog file "D:/Vivado/code/SME309-RISCV-tmpl2/vivado/vivado_proj.srcs/sources_1/new/ex_me.v" into library xil_defaultlib
INFO: [VRFC 10-311] analyzing module ex_me
INFO: [VRFC 10-2263] Analyzing Verilog file "D:/Vivado/code/SME309-RISCV-tmpl2/vivado/vivado_proj.srcs/sources_1/new/forward_unit.v" into library xil_defaultlib
INFO: [VRFC 10-311] analyzing module forward_unit
INFO: [VRFC 10-2263] Analyzing Verilog file "D:/Vivado/code/SME309-RISCV-tmpl2/vivado/vivado_proj.srcs/sources_1/new/hazard_detection_unit.v" into library xil_defaultlib
INFO: [VRFC 10-311] analyzing module hazard_detection_unit
INFO: [VRFC 10-2263] Analyzing Verilog file "D:/Vivado/code/SME309-RISCV-tmpl2/vivado/vivado_proj.srcs/sources_1/new/id_ex.v" into library xil_defaultlib
INFO: [VRFC 10-311] analyzing module id_ex
INFO: [VRFC 10-2263] Analyzing Verilog file "D:/Vivado/code/SME309-RISCV-tmpl2/vivado/vivado_proj.srcs/sources_1/new/if_id.v" into library xil_defaultlib
INFO: [VRFC 10-311] analyzing module if_id
INFO: [VRFC 10-2263] Analyzing Verilog file "D:/Vivado/code/SME309-RISCV-tmpl2/vivado/vivado_proj.srcs/sources_1/new/me_wb.v" into library xil_defaultlib
INFO: [VRFC 10-311] analyzing module me_wb
INFO: [VRFC 10-2263] Analyzing Verilog file "D:/Vivado/code/SME309-RISCV-tmpl2/rtl/seven_seg.v" into library xil_defaultlib
INFO: [VRFC 10-311] analyzing module seven_seg
INFO: [VRFC 10-2263] Analyzing Verilog file "D:/Vivado/code/SME309-RISCV-tmpl2/vivado/top.v" into library xil_defaultlib
INFO: [VRFC 10-311] analyzing module top
INFO: [VRFC 10-2263] Analyzing Verilog file "D:/Vivado/code/SME309-RISCV-tmpl2/sim/tb_top.v" into library xil_defaultlib
INFO: [VRFC 10-311] analyzing module tb_Top
INFO: [USF-XSim-69] 'compile' step finished in '3' seconds
INFO: [Vivado 12-5698] Checking validity of IPs in the design for the 'XSim' simulator...
INFO: [Vivado 12-5682] Launching behavioral simulation in 'D:/Vivado/code/SME309-RISCV-tmpl2/vivado/vivado_proj.sim/sim_1/behav/xsim'
INFO: [Vivado 12-4795] Using compiled simulation libraries for IPs
INFO: [USF-XSim-3] XSim::Elaborate design
INFO: [USF-XSim-61] Executing 'ELABORATE' step in 'D:/Vivado/code/SME309-RISCV-tmpl2/vivado/vivado_proj.sim/sim_1/behav/xsim'
Vivado Simulator 2017.4
Copyright 1986-1999, 2001-2016 Xilinx, Inc. All Rights Reserved.
Running: D:/Vivado/Vivado/2017.4/bin/unwrapped/win64.o/xelab.exe -wto 3e6eff3e2d4a4c50a15ac3f36e4eed88 --incr --debug typical --relax --mt 2 -L blk_mem_gen_v8_4_1 -L xil_defaultlib -L dist_mem_gen_v8_0_12 -L unisims_ver -L unimacro_ver -L secureip -L xpm --snapshot tb_Top_behav xil_defaultlib.tb_Top xil_defaultlib.glbl -log elaborate.log 
Using 2 slave threads.
Starting static elaboration
WARNING: [VRFC 10-278] actual bit length 32 differs from formal bit length 10 for port a [D:/Vivado/code/SME309-RISCV-tmpl2/rtl/benchmark.v:47]
WARNING: [VRFC 10-1783] select index 62 into current_contents is out of bounds [/wrk/2017.4/nightly/2017_12_15_2086221/packages/customer/vivado/data/ip/xilinx/blk_mem_gen_v8_4/simulation/blk_mem_gen_v8_4.v:2420]
Completed static elaboration
Starting simulation data flow analysis
Completed simulation data flow analysis
Time Resolution for simulation is 1ps
Compiling module unisims_ver.IBUF
Compiling module unisims_ver.PLLE2_ADV(CLKFBOUT_MULT=17,CLKIN...
Compiling module unisims_ver.BUFG
Compiling module xil_defaultlib.pll_clk_wiz
Compiling module xil_defaultlib.pll
Compiling module xil_defaultlib.if_id
Compiling module xil_defaultlib.Decoder
Compiling module xil_defaultlib.Control
Compiling module xil_defaultlib.Extend
Compiling module xil_defaultlib.RegisterFile
Compiling module xil_defaultlib.hazard_detection_unit
Compiling module xil_defaultlib.id_ex
Compiling module xil_defaultlib.forward_unit
Compiling module xil_defaultlib.Alu
Compiling module xil_defaultlib.ex_me
Compiling module xil_defaultlib.Memdata
Compiling module xil_defaultlib.me_wb
Compiling module xil_defaultlib.ProgramCounter
Compiling module xil_defaultlib.CPU
Compiling module dist_mem_gen_v8_0_12.dist_mem_gen_v8_0_12(C_FAMILY="a...
Compiling module xil_defaultlib.IROM
Compiling module blk_mem_gen_v8_4_1.blk_mem_gen_v8_4_1_output_stage(...
Compiling module blk_mem_gen_v8_4_1.blk_mem_gen_v8_4_1_output_stage(...
Compiling module blk_mem_gen_v8_4_1.blk_mem_gen_v8_4_1_softecc_outpu...
Compiling module blk_mem_gen_v8_4_1.blk_mem_gen_v8_4_1_mem_module(C_...
Compiling module blk_mem_gen_v8_4_1.blk_mem_gen_v8_4_1(C_FAMILY="art...
Compiling module xil_defaultlib.DRAM
Compiling module xil_defaultlib.dram_driver
Compiling module xil_defaultlib.seven_seg
Compiling module xil_defaultlib.benchmark
Compiling module xil_defaultlib.top
Compiling module xil_defaultlib.tb_Top
Compiling module xil_defaultlib.glbl
Built simulation snapshot tb_Top_behav
run_program: Time (s): cpu = 00:00:01 ; elapsed = 00:00:06 . Memory (MB): peak = 914.387 ; gain = 0.000
INFO: [USF-XSim-69] 'elaborate' step finished in '6' seconds
launch_simulation: Time (s): cpu = 00:00:01 ; elapsed = 00:00:06 . Memory (MB): peak = 914.387 ; gain = 0.000
Vivado Simulator 2017.4
Time resolution is 1 ps
WARNING: This core is supplied with a behavioral model. To model cycle-accurate behavior you must run timing simulation.
 Block Memory Generator module loading initial data...
 Block Memory Generator data initialization complete.
Block Memory Generator module tb_Top.dut.u_benchmark.dram_driver_inst.Mem_DRAM.inst.native_mem_module.blk_mem_gen_v8_4_1_inst is using a behavioral model for simulation which will not precisely model memory collision behavior.
save to testbench.wave
Warning : input CLKIN1 period and attribute CLKIN1_PERIOD on PLLE2_ADV instance tb_Top.dut.pll_inst.inst.plle2_adv_inst are not same.
relaunch_sim: Time (s): cpu = 00:00:03 ; elapsed = 00:00:13 . Memory (MB): peak = 914.387 ; gain = 0.000
run 1000 ns
run 1000 ns
reset_run synth_1
WARNING: [Vivado 12-1017] Problems encountered:
1. Failed to delete one or more files in run directory D:/Vivado/code/SME309-RISCV-tmpl2/vivado/vivado_proj.runs/synth_1

launch_runs impl_1 -to_step write_bitstream -jobs 8
[Thu Jan  8 06:11:35 2026] Launched synth_1...
Run output will be captured here: D:/Vivado/code/SME309-RISCV-tmpl2/vivado/vivado_proj.runs/synth_1/runme.log
[Thu Jan  8 06:11:35 2026] Launched impl_1...
Run output will be captured here: D:/Vivado/code/SME309-RISCV-tmpl2/vivado/vivado_proj.runs/impl_1/runme.log
run all
$finish called at time : 100010 ns : File "D:/Vivado/code/SME309-RISCV-tmpl2/sim/tb_top.v" Line 32
run: Time (s): cpu = 00:00:18 ; elapsed = 00:00:27 . Memory (MB): peak = 948.242 ; gain = 27.340
run all
$finish called at time : 100511 ns : File "D:/Vivado/code/SME309-RISCV-tmpl2/sim/tb_top.v" Line 51
run all
run: Time (s): cpu = 00:01:55 ; elapsed = 00:06:37 . Memory (MB): peak = 980.234 ; gain = 21.867
open_hw
connect_hw_server
INFO: [Labtools 27-2285] Connecting to hw_server url TCP:localhost:3121
INFO: [Labtools 27-2222] Launching hw_server...
INFO: [Labtools 27-2221] Launch Output:

****** Xilinx hw_server v2017.4
  **** Build date : Dec 15 2017-21:08:27
    ** Copyright 1986-2017 Xilinx, Inc. All Rights Reserved.


connect_hw_server: Time (s): cpu = 00:00:01 ; elapsed = 00:00:06 . Memory (MB): peak = 980.234 ; gain = 0.000
open_hw_target
INFO: [Labtoolstcl 44-466] Opening hw_target localhost:3121/xilinx_tcf/Digilent/210292B0F02FA
set_property PROGRAM.FILE {D:/Vivado/code/SME309-RISCV-tmpl2/vivado/vivado_proj.runs/impl_1/top.bit} [get_hw_devices xc7a100t_0]
current_hw_device [get_hw_devices xc7a100t_0]
refresh_hw_device -update_hw_probes false [lindex [get_hw_devices xc7a100t_0] 0]
INFO: [Labtools 27-1434] Device xc7a100t (JTAG device index = 0) is programmed with a design that has no supported debug core(s) in it.
WARNING: [Labtools 27-3361] The debug hub core was not detected.
Resolution: 
1. Make sure the clock connected to the debug hub (dbg_hub) core is a free running clock and is active.
2. Make sure the BSCAN_SWITCH_USER_MASK device property in Vivado Hardware Manager reflects the user scan chain setting in the design and refresh the device.  To determine the user scan chain setting in the design, open the implemented design and use 'get_property C_USER_SCAN_CHAIN [get_debug_cores dbg_hub]'.
For more details on setting the scan chain property, consult the Vivado Debug and Programming User Guide (UG908).
set_property PROBES.FILE {} [get_hw_devices xc7a100t_0]
set_property FULL_PROBES.FILE {} [get_hw_devices xc7a100t_0]
set_property PROGRAM.FILE {D:/Vivado/code/SME309-RISCV-tmpl2/vivado/vivado_proj.runs/impl_1/top.bit} [get_hw_devices xc7a100t_0]
program_hw_devices [get_hw_devices xc7a100t_0]
INFO: [Labtools 27-3164] End of startup status: HIGH
refresh_hw_device [lindex [get_hw_devices xc7a100t_0] 0]
INFO: [Labtools 27-1434] Device xc7a100t (JTAG device index = 0) is programmed with a design that has no supported debug core(s) in it.
WARNING: [Labtools 27-3361] The debug hub core was not detected.
Resolution: 
1. Make sure the clock connected to the debug hub (dbg_hub) core is a free running clock and is active.
2. Make sure the BSCAN_SWITCH_USER_MASK device property in Vivado Hardware Manager reflects the user scan chain setting in the design and refresh the device.  To determine the user scan chain setting in the design, open the implemented design and use 'get_property C_USER_SCAN_CHAIN [get_debug_cores dbg_hub]'.
For more details on setting the scan chain property, consult the Vivado Debug and Programming User Guide (UG908).
ERROR: [Labtoolstcl 44-513] HW Target shutdown. Closing target: localhost:3121/xilinx_tcf/Digilent/210292B0F02FA
close_hw
