
*** Running vivado
    with args -log top.vds -m64 -product Vivado -mode batch -messageDb vivado.pb -notrace -source top.tcl


****** Vivado v2017.4 (64-bit)
  **** SW Build 2086221 on Fri Dec 15 20:55:39 MST 2017
  **** IP Build 2085800 on Fri Dec 15 22:25:07 MST 2017
    ** Copyright 1986-2017 Xilinx, Inc. All Rights Reserved.

source top.tcl -notrace
Command: synth_design -top top -part xc7a100tcsg324-1
Starting synth_design
Attempting to get a license for feature 'Synthesis' and/or device 'xc7a100t'
INFO: [Common 17-349] Got license for feature 'Synthesis' and/or device 'xc7a100t'
INFO: Launching helper process for spawning children vivado processes
INFO: Helper process launched with PID 23304 
WARNING: [Synth 8-2306] macro MEM_ADDR_START redefined [D:/Vivado/code/SME309-RISCV-tmpl2/rtl/define.v:6]
WARNING: [Synth 8-2306] macro MEM_ADDR_END redefined [D:/Vivado/code/SME309-RISCV-tmpl2/rtl/define.v:7]
---------------------------------------------------------------------------------
Starting RTL Elaboration : Time (s): cpu = 00:00:07 ; elapsed = 00:00:08 . Memory (MB): peak = 374.953 ; gain = 118.500
---------------------------------------------------------------------------------
INFO: [Synth 8-638] synthesizing module 'top' [D:/Vivado/code/SME309-RISCV-tmpl2/vivado/top.v:1]
INFO: [Synth 8-638] synthesizing module 'pll' [D:/Vivado/code/SME309-RISCV-tmpl2/vivado/vivado_proj.runs/synth_1/.Xil/Vivado-4736-Summer/realtime/pll_stub.v:5]
INFO: [Synth 8-256] done synthesizing module 'pll' (1#1) [D:/Vivado/code/SME309-RISCV-tmpl2/vivado/vivado_proj.runs/synth_1/.Xil/Vivado-4736-Summer/realtime/pll_stub.v:5]
INFO: [Synth 8-638] synthesizing module 'CPU' [D:/Vivado/code/SME309-RISCV-tmpl2/rtl/cpu/CPU_TOP.v:3]
INFO: [Synth 8-638] synthesizing module 'if_id' [D:/Vivado/code/SME309-RISCV-tmpl2/vivado/vivado_proj.srcs/sources_1/new/if_id.v:1]
INFO: [Synth 8-256] done synthesizing module 'if_id' (2#1) [D:/Vivado/code/SME309-RISCV-tmpl2/vivado/vivado_proj.srcs/sources_1/new/if_id.v:1]
INFO: [Synth 8-638] synthesizing module 'Decoder' [D:/Vivado/code/SME309-RISCV-tmpl2/vivado/vivado_proj.srcs/sources_1/new/Decoder.v:1]
INFO: [Synth 8-256] done synthesizing module 'Decoder' (3#1) [D:/Vivado/code/SME309-RISCV-tmpl2/vivado/vivado_proj.srcs/sources_1/new/Decoder.v:1]
INFO: [Synth 8-638] synthesizing module 'Control' [D:/Vivado/code/SME309-RISCV-tmpl2/vivado/vivado_proj.srcs/sources_1/new/Control.v:1]
INFO: [Synth 8-226] default block is never used [D:/Vivado/code/SME309-RISCV-tmpl2/vivado/vivado_proj.srcs/sources_1/new/Control.v:179]
INFO: [Synth 8-226] default block is never used [D:/Vivado/code/SME309-RISCV-tmpl2/vivado/vivado_proj.srcs/sources_1/new/Control.v:230]
INFO: [Synth 8-256] done synthesizing module 'Control' (4#1) [D:/Vivado/code/SME309-RISCV-tmpl2/vivado/vivado_proj.srcs/sources_1/new/Control.v:1]
INFO: [Synth 8-638] synthesizing module 'Extend' [D:/Vivado/code/SME309-RISCV-tmpl2/vivado/vivado_proj.srcs/sources_1/new/Extend.v:1]
INFO: [Synth 8-256] done synthesizing module 'Extend' (5#1) [D:/Vivado/code/SME309-RISCV-tmpl2/vivado/vivado_proj.srcs/sources_1/new/Extend.v:1]
INFO: [Synth 8-638] synthesizing module 'RegisterFile' [D:/Vivado/code/SME309-RISCV-tmpl2/vivado/vivado_proj.srcs/sources_1/new/RegisterFile.v:1]
INFO: [Synth 8-256] done synthesizing module 'RegisterFile' (6#1) [D:/Vivado/code/SME309-RISCV-tmpl2/vivado/vivado_proj.srcs/sources_1/new/RegisterFile.v:1]
INFO: [Synth 8-638] synthesizing module 'hazard_detection_unit' [D:/Vivado/code/SME309-RISCV-tmpl2/vivado/vivado_proj.srcs/sources_1/new/hazard_detection_unit.v:1]
INFO: [Synth 8-256] done synthesizing module 'hazard_detection_unit' (7#1) [D:/Vivado/code/SME309-RISCV-tmpl2/vivado/vivado_proj.srcs/sources_1/new/hazard_detection_unit.v:1]
INFO: [Synth 8-638] synthesizing module 'id_ex' [D:/Vivado/code/SME309-RISCV-tmpl2/vivado/vivado_proj.srcs/sources_1/new/id_ex.v:1]
INFO: [Synth 8-256] done synthesizing module 'id_ex' (8#1) [D:/Vivado/code/SME309-RISCV-tmpl2/vivado/vivado_proj.srcs/sources_1/new/id_ex.v:1]
INFO: [Synth 8-638] synthesizing module 'forward_unit' [D:/Vivado/code/SME309-RISCV-tmpl2/vivado/vivado_proj.srcs/sources_1/new/forward_unit.v:1]
INFO: [Synth 8-256] done synthesizing module 'forward_unit' (9#1) [D:/Vivado/code/SME309-RISCV-tmpl2/vivado/vivado_proj.srcs/sources_1/new/forward_unit.v:1]
INFO: [Synth 8-638] synthesizing module 'Alu' [D:/Vivado/code/SME309-RISCV-tmpl2/vivado/vivado_proj.srcs/sources_1/new/Alu.v:1]
INFO: [Synth 8-256] done synthesizing module 'Alu' (10#1) [D:/Vivado/code/SME309-RISCV-tmpl2/vivado/vivado_proj.srcs/sources_1/new/Alu.v:1]
INFO: [Synth 8-638] synthesizing module 'ex_me' [D:/Vivado/code/SME309-RISCV-tmpl2/vivado/vivado_proj.srcs/sources_1/new/ex_me.v:1]
INFO: [Synth 8-256] done synthesizing module 'ex_me' (11#1) [D:/Vivado/code/SME309-RISCV-tmpl2/vivado/vivado_proj.srcs/sources_1/new/ex_me.v:1]
INFO: [Synth 8-638] synthesizing module 'Memdata' [D:/Vivado/code/SME309-RISCV-tmpl2/vivado/vivado_proj.srcs/sources_1/new/Memdata.v:1]
INFO: [Synth 8-155] case statement is not full and has no default [D:/Vivado/code/SME309-RISCV-tmpl2/vivado/vivado_proj.srcs/sources_1/new/Memdata.v:10]
INFO: [Synth 8-256] done synthesizing module 'Memdata' (12#1) [D:/Vivado/code/SME309-RISCV-tmpl2/vivado/vivado_proj.srcs/sources_1/new/Memdata.v:1]
INFO: [Synth 8-638] synthesizing module 'me_wb' [D:/Vivado/code/SME309-RISCV-tmpl2/vivado/vivado_proj.srcs/sources_1/new/me_wb.v:1]
INFO: [Synth 8-256] done synthesizing module 'me_wb' (13#1) [D:/Vivado/code/SME309-RISCV-tmpl2/vivado/vivado_proj.srcs/sources_1/new/me_wb.v:1]
INFO: [Synth 8-638] synthesizing module 'ProgramCounter' [D:/Vivado/code/SME309-RISCV-tmpl2/vivado/vivado_proj.srcs/sources_1/new/ProgramCounter.v:2]
INFO: [Synth 8-256] done synthesizing module 'ProgramCounter' (14#1) [D:/Vivado/code/SME309-RISCV-tmpl2/vivado/vivado_proj.srcs/sources_1/new/ProgramCounter.v:2]
INFO: [Synth 8-256] done synthesizing module 'CPU' (15#1) [D:/Vivado/code/SME309-RISCV-tmpl2/rtl/cpu/CPU_TOP.v:3]
INFO: [Synth 8-638] synthesizing module 'benchmark' [D:/Vivado/code/SME309-RISCV-tmpl2/rtl/benchmark.v:5]
INFO: [Synth 8-638] synthesizing module 'IROM' [d:/Vivado/code/SME309-RISCV-tmpl2/vivado/vivado_proj.srcs/sources_1/ip/IROM/synth/IROM.vhd:66]
	Parameter C_FAMILY bound to: artix7 - type: string 
	Parameter C_ADDR_WIDTH bound to: 10 - type: integer 
	Parameter C_DEFAULT_DATA bound to: 0 - type: string 
	Parameter C_DEPTH bound to: 1024 - type: integer 
	Parameter C_HAS_CLK bound to: 0 - type: integer 
	Parameter C_HAS_D bound to: 0 - type: integer 
	Parameter C_HAS_DPO bound to: 0 - type: integer 
	Parameter C_HAS_DPRA bound to: 0 - type: integer 
	Parameter C_HAS_I_CE bound to: 0 - type: integer 
	Parameter C_HAS_QDPO bound to: 0 - type: integer 
	Parameter C_HAS_QDPO_CE bound to: 0 - type: integer 
	Parameter C_HAS_QDPO_CLK bound to: 0 - type: integer 
	Parameter C_HAS_QDPO_RST bound to: 0 - type: integer 
	Parameter C_HAS_QDPO_SRST bound to: 0 - type: integer 
	Parameter C_HAS_QSPO bound to: 0 - type: integer 
	Parameter C_HAS_QSPO_CE bound to: 0 - type: integer 
	Parameter C_HAS_QSPO_RST bound to: 0 - type: integer 
	Parameter C_HAS_QSPO_SRST bound to: 0 - type: integer 
	Parameter C_HAS_SPO bound to: 1 - type: integer 
	Parameter C_HAS_WE bound to: 0 - type: integer 
	Parameter C_MEM_INIT_FILE bound to: IROM.mif - type: string 
	Parameter C_ELABORATION_DIR bound to: ./ - type: string 
	Parameter C_MEM_TYPE bound to: 0 - type: integer 
	Parameter C_PIPELINE_STAGES bound to: 0 - type: integer 
	Parameter C_QCE_JOINED bound to: 0 - type: integer 
	Parameter C_QUALIFY_WE bound to: 0 - type: integer 
	Parameter C_READ_MIF bound to: 1 - type: integer 
	Parameter C_REG_A_D_INPUTS bound to: 0 - type: integer 
	Parameter C_REG_DPRA_INPUT bound to: 0 - type: integer 
	Parameter C_SYNC_ENABLE bound to: 1 - type: integer 
	Parameter C_WIDTH bound to: 32 - type: integer 
	Parameter C_PARSER_TYPE bound to: 1 - type: integer 
INFO: [Synth 8-3491] module 'dist_mem_gen_v8_0_12' declared at 'd:/Vivado/code/SME309-RISCV-tmpl2/vivado/vivado_proj.srcs/sources_1/ip/IROM/hdl/dist_mem_gen_v8_0_vhsyn_rfs.vhd:3237' bound to instance 'U0' of component 'dist_mem_gen_v8_0_12' [d:/Vivado/code/SME309-RISCV-tmpl2/vivado/vivado_proj.srcs/sources_1/ip/IROM/synth/IROM.vhd:132]
INFO: [Synth 8-256] done synthesizing module 'IROM' (19#1) [d:/Vivado/code/SME309-RISCV-tmpl2/vivado/vivado_proj.srcs/sources_1/ip/IROM/synth/IROM.vhd:66]
WARNING: [Synth 8-689] width (32) of port connection 'a' does not match port width (10) of module 'IROM' [D:/Vivado/code/SME309-RISCV-tmpl2/rtl/benchmark.v:47]
INFO: [Synth 8-638] synthesizing module 'dram_driver' [D:/Vivado/code/SME309-RISCV-tmpl2/rtl/dram_driver.v:7]
INFO: [Synth 8-638] synthesizing module 'DRAM' [d:/Vivado/code/SME309-RISCV-tmpl2/vivado/vivado_proj.srcs/sources_1/ip/DRAM/synth/DRAM.vhd:72]
	Parameter C_FAMILY bound to: artix7 - type: string 
	Parameter C_XDEVICEFAMILY bound to: artix7 - type: string 
	Parameter C_ELABORATION_DIR bound to: ./ - type: string 
	Parameter C_INTERFACE_TYPE bound to: 0 - type: integer 
	Parameter C_AXI_TYPE bound to: 1 - type: integer 
	Parameter C_AXI_SLAVE_TYPE bound to: 0 - type: integer 
	Parameter C_USE_BRAM_BLOCK bound to: 0 - type: integer 
	Parameter C_ENABLE_32BIT_ADDRESS bound to: 0 - type: integer 
	Parameter C_CTRL_ECC_ALGO bound to: NONE - type: string 
	Parameter C_HAS_AXI_ID bound to: 0 - type: integer 
	Parameter C_AXI_ID_WIDTH bound to: 4 - type: integer 
	Parameter C_MEM_TYPE bound to: 0 - type: integer 
	Parameter C_BYTE_SIZE bound to: 8 - type: integer 
	Parameter C_ALGORITHM bound to: 1 - type: integer 
	Parameter C_PRIM_TYPE bound to: 1 - type: integer 
	Parameter C_LOAD_INIT_FILE bound to: 1 - type: integer 
	Parameter C_INIT_FILE_NAME bound to: DRAM.mif - type: string 
	Parameter C_INIT_FILE bound to: DRAM.mem - type: string 
	Parameter C_USE_DEFAULT_DATA bound to: 0 - type: integer 
	Parameter C_DEFAULT_DATA bound to: 0 - type: string 
	Parameter C_HAS_RSTA bound to: 1 - type: integer 
	Parameter C_RST_PRIORITY_A bound to: CE - type: string 
	Parameter C_RSTRAM_A bound to: 0 - type: integer 
	Parameter C_INITA_VAL bound to: 0 - type: string 
	Parameter C_HAS_ENA bound to: 1 - type: integer 
	Parameter C_HAS_REGCEA bound to: 0 - type: integer 
	Parameter C_USE_BYTE_WEA bound to: 1 - type: integer 
	Parameter C_WEA_WIDTH bound to: 4 - type: integer 
	Parameter C_WRITE_MODE_A bound to: WRITE_FIRST - type: string 
	Parameter C_WRITE_WIDTH_A bound to: 32 - type: integer 
	Parameter C_READ_WIDTH_A bound to: 32 - type: integer 
	Parameter C_WRITE_DEPTH_A bound to: 1024 - type: integer 
	Parameter C_READ_DEPTH_A bound to: 1024 - type: integer 
	Parameter C_ADDRA_WIDTH bound to: 10 - type: integer 
	Parameter C_HAS_RSTB bound to: 0 - type: integer 
	Parameter C_RST_PRIORITY_B bound to: CE - type: string 
	Parameter C_RSTRAM_B bound to: 0 - type: integer 
	Parameter C_INITB_VAL bound to: 0 - type: string 
	Parameter C_HAS_ENB bound to: 0 - type: integer 
	Parameter C_HAS_REGCEB bound to: 0 - type: integer 
	Parameter C_USE_BYTE_WEB bound to: 1 - type: integer 
	Parameter C_WEB_WIDTH bound to: 4 - type: integer 
	Parameter C_WRITE_MODE_B bound to: WRITE_FIRST - type: string 
	Parameter C_WRITE_WIDTH_B bound to: 32 - type: integer 
	Parameter C_READ_WIDTH_B bound to: 32 - type: integer 
	Parameter C_WRITE_DEPTH_B bound to: 1024 - type: integer 
	Parameter C_READ_DEPTH_B bound to: 1024 - type: integer 
	Parameter C_ADDRB_WIDTH bound to: 10 - type: integer 
	Parameter C_HAS_MEM_OUTPUT_REGS_A bound to: 0 - type: integer 
	Parameter C_HAS_MEM_OUTPUT_REGS_B bound to: 0 - type: integer 
	Parameter C_HAS_MUX_OUTPUT_REGS_A bound to: 0 - type: integer 
	Parameter C_HAS_MUX_OUTPUT_REGS_B bound to: 0 - type: integer 
	Parameter C_MUX_PIPELINE_STAGES bound to: 0 - type: integer 
	Parameter C_HAS_SOFTECC_INPUT_REGS_A bound to: 0 - type: integer 
	Parameter C_HAS_SOFTECC_OUTPUT_REGS_B bound to: 0 - type: integer 
	Parameter C_USE_SOFTECC bound to: 0 - type: integer 
	Parameter C_USE_ECC bound to: 0 - type: integer 
	Parameter C_EN_ECC_PIPE bound to: 0 - type: integer 
	Parameter C_HAS_INJECTERR bound to: 0 - type: integer 
	Parameter C_SIM_COLLISION_CHECK bound to: ALL - type: string 
	Parameter C_COMMON_CLK bound to: 0 - type: integer 
	Parameter C_DISABLE_WARN_BHV_COLL bound to: 0 - type: integer 
	Parameter C_EN_SLEEP_PIN bound to: 0 - type: integer 
	Parameter C_USE_URAM bound to: 0 - type: integer 
	Parameter C_EN_RDADDRA_CHG bound to: 0 - type: integer 
	Parameter C_EN_RDADDRB_CHG bound to: 0 - type: integer 
	Parameter C_EN_DEEPSLEEP_PIN bound to: 0 - type: integer 
	Parameter C_EN_SHUTDOWN_PIN bound to: 0 - type: integer 
	Parameter C_EN_SAFETY_CKT bound to: 1 - type: integer 
	Parameter C_DISABLE_WARN_BHV_RANGE bound to: 0 - type: integer 
	Parameter C_COUNT_36K_BRAM bound to: 1 - type: string 
	Parameter C_COUNT_18K_BRAM bound to: 0 - type: string 
	Parameter C_EST_POWER_SUMMARY bound to: Estimated Power for IP     :     2.96495 mW - type: string 
INFO: [Synth 8-3491] module 'blk_mem_gen_v8_4_1' declared at 'd:/Vivado/code/SME309-RISCV-tmpl2/vivado/vivado_proj.srcs/sources_1/ip/DRAM/hdl/blk_mem_gen_v8_4_vhsyn_rfs.vhd:195313' bound to instance 'U0' of component 'blk_mem_gen_v8_4_1' [d:/Vivado/code/SME309-RISCV-tmpl2/vivado/vivado_proj.srcs/sources_1/ip/DRAM/synth/DRAM.vhd:237]
INFO: [Synth 8-256] done synthesizing module 'DRAM' (28#1) [d:/Vivado/code/SME309-RISCV-tmpl2/vivado/vivado_proj.srcs/sources_1/ip/DRAM/synth/DRAM.vhd:72]
INFO: [Synth 8-256] done synthesizing module 'dram_driver' (29#1) [D:/Vivado/code/SME309-RISCV-tmpl2/rtl/dram_driver.v:7]
INFO: [Synth 8-638] synthesizing module 'seven_seg' [D:/Vivado/code/SME309-RISCV-tmpl2/rtl/seven_seg.v:3]
INFO: [Synth 8-256] done synthesizing module 'seven_seg' (30#1) [D:/Vivado/code/SME309-RISCV-tmpl2/rtl/seven_seg.v:3]
INFO: [Synth 8-256] done synthesizing module 'benchmark' (31#1) [D:/Vivado/code/SME309-RISCV-tmpl2/rtl/benchmark.v:5]
INFO: [Synth 8-256] done synthesizing module 'top' (32#1) [D:/Vivado/code/SME309-RISCV-tmpl2/vivado/top.v:1]
WARNING: [Synth 8-3331] design blk_mem_gen_prim_wrapper_init has unconnected port SSRA
WARNING: [Synth 8-3331] design blk_mem_gen_prim_wrapper_init has unconnected port CLKB
WARNING: [Synth 8-3331] design blk_mem_gen_prim_wrapper_init has unconnected port SSRB
WARNING: [Synth 8-3331] design blk_mem_gen_prim_wrapper_init has unconnected port ENB
WARNING: [Synth 8-3331] design blk_mem_gen_prim_wrapper_init has unconnected port REGCEB
WARNING: [Synth 8-3331] design blk_mem_gen_prim_wrapper_init has unconnected port WEB[3]
WARNING: [Synth 8-3331] design blk_mem_gen_prim_wrapper_init has unconnected port WEB[2]
WARNING: [Synth 8-3331] design blk_mem_gen_prim_wrapper_init has unconnected port WEB[1]
WARNING: [Synth 8-3331] design blk_mem_gen_prim_wrapper_init has unconnected port WEB[0]
WARNING: [Synth 8-3331] design blk_mem_gen_prim_wrapper_init has unconnected port ADDRB[9]
WARNING: [Synth 8-3331] design blk_mem_gen_prim_wrapper_init has unconnected port ADDRB[8]
WARNING: [Synth 8-3331] design blk_mem_gen_prim_wrapper_init has unconnected port ADDRB[7]
WARNING: [Synth 8-3331] design blk_mem_gen_prim_wrapper_init has unconnected port ADDRB[6]
WARNING: [Synth 8-3331] design blk_mem_gen_prim_wrapper_init has unconnected port ADDRB[5]
WARNING: [Synth 8-3331] design blk_mem_gen_prim_wrapper_init has unconnected port ADDRB[4]
WARNING: [Synth 8-3331] design blk_mem_gen_prim_wrapper_init has unconnected port ADDRB[3]
WARNING: [Synth 8-3331] design blk_mem_gen_prim_wrapper_init has unconnected port ADDRB[2]
WARNING: [Synth 8-3331] design blk_mem_gen_prim_wrapper_init has unconnected port ADDRB[1]
WARNING: [Synth 8-3331] design blk_mem_gen_prim_wrapper_init has unconnected port ADDRB[0]
WARNING: [Synth 8-3331] design blk_mem_gen_prim_wrapper_init has unconnected port DINB[35]
WARNING: [Synth 8-3331] design blk_mem_gen_prim_wrapper_init has unconnected port DINB[34]
WARNING: [Synth 8-3331] design blk_mem_gen_prim_wrapper_init has unconnected port DINB[33]
WARNING: [Synth 8-3331] design blk_mem_gen_prim_wrapper_init has unconnected port DINB[32]
WARNING: [Synth 8-3331] design blk_mem_gen_prim_wrapper_init has unconnected port DINB[31]
WARNING: [Synth 8-3331] design blk_mem_gen_prim_wrapper_init has unconnected port DINB[30]
WARNING: [Synth 8-3331] design blk_mem_gen_prim_wrapper_init has unconnected port DINB[29]
WARNING: [Synth 8-3331] design blk_mem_gen_prim_wrapper_init has unconnected port DINB[28]
WARNING: [Synth 8-3331] design blk_mem_gen_prim_wrapper_init has unconnected port DINB[27]
WARNING: [Synth 8-3331] design blk_mem_gen_prim_wrapper_init has unconnected port DINB[26]
WARNING: [Synth 8-3331] design blk_mem_gen_prim_wrapper_init has unconnected port DINB[25]
WARNING: [Synth 8-3331] design blk_mem_gen_prim_wrapper_init has unconnected port DINB[24]
WARNING: [Synth 8-3331] design blk_mem_gen_prim_wrapper_init has unconnected port DINB[23]
WARNING: [Synth 8-3331] design blk_mem_gen_prim_wrapper_init has unconnected port DINB[22]
WARNING: [Synth 8-3331] design blk_mem_gen_prim_wrapper_init has unconnected port DINB[21]
WARNING: [Synth 8-3331] design blk_mem_gen_prim_wrapper_init has unconnected port DINB[20]
WARNING: [Synth 8-3331] design blk_mem_gen_prim_wrapper_init has unconnected port DINB[19]
WARNING: [Synth 8-3331] design blk_mem_gen_prim_wrapper_init has unconnected port DINB[18]
WARNING: [Synth 8-3331] design blk_mem_gen_prim_wrapper_init has unconnected port DINB[17]
WARNING: [Synth 8-3331] design blk_mem_gen_prim_wrapper_init has unconnected port DINB[16]
WARNING: [Synth 8-3331] design blk_mem_gen_prim_wrapper_init has unconnected port DINB[15]
WARNING: [Synth 8-3331] design blk_mem_gen_prim_wrapper_init has unconnected port DINB[14]
WARNING: [Synth 8-3331] design blk_mem_gen_prim_wrapper_init has unconnected port DINB[13]
WARNING: [Synth 8-3331] design blk_mem_gen_prim_wrapper_init has unconnected port DINB[12]
WARNING: [Synth 8-3331] design blk_mem_gen_prim_wrapper_init has unconnected port DINB[11]
WARNING: [Synth 8-3331] design blk_mem_gen_prim_wrapper_init has unconnected port DINB[10]
WARNING: [Synth 8-3331] design blk_mem_gen_prim_wrapper_init has unconnected port DINB[9]
WARNING: [Synth 8-3331] design blk_mem_gen_prim_wrapper_init has unconnected port DINB[8]
WARNING: [Synth 8-3331] design blk_mem_gen_prim_wrapper_init has unconnected port DINB[7]
WARNING: [Synth 8-3331] design blk_mem_gen_prim_wrapper_init has unconnected port DINB[6]
WARNING: [Synth 8-3331] design blk_mem_gen_prim_wrapper_init has unconnected port DINB[5]
WARNING: [Synth 8-3331] design blk_mem_gen_prim_wrapper_init has unconnected port DINB[4]
WARNING: [Synth 8-3331] design blk_mem_gen_prim_wrapper_init has unconnected port DINB[3]
WARNING: [Synth 8-3331] design blk_mem_gen_prim_wrapper_init has unconnected port DINB[2]
WARNING: [Synth 8-3331] design blk_mem_gen_prim_wrapper_init has unconnected port DINB[1]
WARNING: [Synth 8-3331] design blk_mem_gen_prim_wrapper_init has unconnected port DINB[0]
WARNING: [Synth 8-3331] design blk_mem_gen_prim_wrapper_init has unconnected port SLEEP
WARNING: [Synth 8-3331] design blk_mem_gen_prim_wrapper_init has unconnected port INJECTSBITERR
WARNING: [Synth 8-3331] design blk_mem_gen_prim_wrapper_init has unconnected port INJECTDBITERR
WARNING: [Synth 8-3331] design blk_mem_gen_prim_wrapper_init has unconnected port ECCPIPECE
WARNING: [Synth 8-3331] design blk_mem_gen_prim_wrapper_init has unconnected port ram_rstram_b
WARNING: [Synth 8-3331] design blk_mem_gen_prim_wrapper_init has unconnected port ram_rstreg_b
WARNING: [Synth 8-3331] design blk_mem_gen_generic_cstr has unconnected port REGCEA[0]
WARNING: [Synth 8-3331] design blk_mem_gen_generic_cstr has unconnected port REGCEB[0]
WARNING: [Synth 8-3331] design blk_mem_gen_generic_cstr has unconnected port INJECTSBITERR
WARNING: [Synth 8-3331] design blk_mem_gen_generic_cstr has unconnected port INJECTDBITERR
WARNING: [Synth 8-3331] design blk_mem_output_block has unconnected port CLKB
WARNING: [Synth 8-3331] design blk_mem_output_block has unconnected port DOUTB_I[31]
WARNING: [Synth 8-3331] design blk_mem_output_block has unconnected port DOUTB_I[30]
WARNING: [Synth 8-3331] design blk_mem_output_block has unconnected port DOUTB_I[29]
WARNING: [Synth 8-3331] design blk_mem_output_block has unconnected port DOUTB_I[28]
WARNING: [Synth 8-3331] design blk_mem_output_block has unconnected port DOUTB_I[27]
WARNING: [Synth 8-3331] design blk_mem_output_block has unconnected port DOUTB_I[26]
WARNING: [Synth 8-3331] design blk_mem_output_block has unconnected port DOUTB_I[25]
WARNING: [Synth 8-3331] design blk_mem_output_block has unconnected port DOUTB_I[24]
WARNING: [Synth 8-3331] design blk_mem_output_block has unconnected port DOUTB_I[23]
WARNING: [Synth 8-3331] design blk_mem_output_block has unconnected port DOUTB_I[22]
WARNING: [Synth 8-3331] design blk_mem_output_block has unconnected port DOUTB_I[21]
WARNING: [Synth 8-3331] design blk_mem_output_block has unconnected port DOUTB_I[20]
WARNING: [Synth 8-3331] design blk_mem_output_block has unconnected port DOUTB_I[19]
WARNING: [Synth 8-3331] design blk_mem_output_block has unconnected port DOUTB_I[18]
WARNING: [Synth 8-3331] design blk_mem_output_block has unconnected port DOUTB_I[17]
WARNING: [Synth 8-3331] design blk_mem_output_block has unconnected port DOUTB_I[16]
WARNING: [Synth 8-3331] design blk_mem_output_block has unconnected port DOUTB_I[15]
WARNING: [Synth 8-3331] design blk_mem_output_block has unconnected port DOUTB_I[14]
WARNING: [Synth 8-3331] design blk_mem_output_block has unconnected port DOUTB_I[13]
WARNING: [Synth 8-3331] design blk_mem_output_block has unconnected port DOUTB_I[12]
WARNING: [Synth 8-3331] design blk_mem_output_block has unconnected port DOUTB_I[11]
WARNING: [Synth 8-3331] design blk_mem_output_block has unconnected port DOUTB_I[10]
WARNING: [Synth 8-3331] design blk_mem_output_block has unconnected port DOUTB_I[9]
WARNING: [Synth 8-3331] design blk_mem_output_block has unconnected port DOUTB_I[8]
WARNING: [Synth 8-3331] design blk_mem_output_block has unconnected port DOUTB_I[7]
WARNING: [Synth 8-3331] design blk_mem_output_block has unconnected port DOUTB_I[6]
WARNING: [Synth 8-3331] design blk_mem_output_block has unconnected port DOUTB_I[5]
WARNING: [Synth 8-3331] design blk_mem_output_block has unconnected port DOUTB_I[4]
WARNING: [Synth 8-3331] design blk_mem_output_block has unconnected port DOUTB_I[3]
WARNING: [Synth 8-3331] design blk_mem_output_block has unconnected port DOUTB_I[2]
WARNING: [Synth 8-3331] design blk_mem_output_block has unconnected port DOUTB_I[1]
WARNING: [Synth 8-3331] design blk_mem_output_block has unconnected port DOUTB_I[0]
WARNING: [Synth 8-3331] design blk_mem_output_block has unconnected port SBITERR_I
WARNING: [Synth 8-3331] design blk_mem_output_block has unconnected port DBITERR_I
INFO: [Common 17-14] Message 'Synth 8-3331' appears 100 times and further instances of the messages will be disabled. Use the Tcl command set_msg_config to change the current settings.
---------------------------------------------------------------------------------
Finished RTL Elaboration : Time (s): cpu = 00:01:01 ; elapsed = 00:01:04 . Memory (MB): peak = 710.520 ; gain = 454.066
---------------------------------------------------------------------------------

Report Check Netlist: 
+------+------------------+-------+---------+-------+------------------+
|      |Item              |Errors |Warnings |Status |Description       |
+------+------------------+-------+---------+-------+------------------+
|1     |multi_driven_nets |      0|        0|Passed |Multi driven nets |
+------+------------------+-------+---------+-------+------------------+
---------------------------------------------------------------------------------
Finished RTL Optimization Phase 1 : Time (s): cpu = 00:01:02 ; elapsed = 00:01:04 . Memory (MB): peak = 710.520 ; gain = 454.066
---------------------------------------------------------------------------------
INFO: [Netlist 29-17] Analyzing 1 Unisim elements for replacement
INFO: [Netlist 29-28] Unisim Transformation completed in 0 CPU seconds
INFO: [Device 21-403] Loading part xc7a100tcsg324-1
INFO: [Project 1-570] Preparing netlist for logic optimization

Processing XDC Constraints
Initializing timing engine
Parsing XDC File [D:/Vivado/code/SME309-RISCV-tmpl2/vivado/vivado_proj.runs/synth_1/.Xil/Vivado-4736-Summer/dcp1/pll_in_context.xdc] for cell 'pll_inst'
Finished Parsing XDC File [D:/Vivado/code/SME309-RISCV-tmpl2/vivado/vivado_proj.runs/synth_1/.Xil/Vivado-4736-Summer/dcp1/pll_in_context.xdc] for cell 'pll_inst'
Parsing XDC File [D:/Vivado/code/SME309-RISCV-tmpl2/vivado/top.xdc]
Finished Parsing XDC File [D:/Vivado/code/SME309-RISCV-tmpl2/vivado/top.xdc]
INFO: [Project 1-236] Implementation specific constraints were found while reading constraint file [D:/Vivado/code/SME309-RISCV-tmpl2/vivado/top.xdc]. These constraints will be ignored for synthesis but will be used in implementation. Impacted constraints are listed in the file [.Xil/top_propImpl.xdc].
Resolution: To avoid this warning, move constraints listed in [.Xil/top_propImpl.xdc] to another XDC file and exclude this new file from synthesis with the used_in_synthesis property (File Properties dialog in GUI) and re-run elaboration/synthesis.
Parsing XDC File [D:/Vivado/code/SME309-RISCV-tmpl2/vivado/vivado_proj.runs/synth_1/dont_touch.xdc]
Finished Parsing XDC File [D:/Vivado/code/SME309-RISCV-tmpl2/vivado/vivado_proj.runs/synth_1/dont_touch.xdc]
Completed Processing XDC Constraints

INFO: [Project 1-111] Unisim Transformation Summary:
No Unisim elements were transformed.

Constraint Validation Runtime : Time (s): cpu = 00:00:00 ; elapsed = 00:00:00.004 . Memory (MB): peak = 784.648 ; gain = 0.000
---------------------------------------------------------------------------------
Finished Constraint Validation : Time (s): cpu = 00:01:11 ; elapsed = 00:01:15 . Memory (MB): peak = 784.648 ; gain = 528.195
---------------------------------------------------------------------------------
---------------------------------------------------------------------------------
Start Loading Part and Timing Information
---------------------------------------------------------------------------------
Loading part: xc7a100tcsg324-1
---------------------------------------------------------------------------------
Finished Loading Part and Timing Information : Time (s): cpu = 00:01:11 ; elapsed = 00:01:15 . Memory (MB): peak = 784.648 ; gain = 528.195
---------------------------------------------------------------------------------
---------------------------------------------------------------------------------
Start Applying 'set_property' XDC Constraints
---------------------------------------------------------------------------------
Applied set_property IO_BUFFER_TYPE = NONE for CLK. (constraint file  D:/Vivado/code/SME309-RISCV-tmpl2/vivado/vivado_proj.runs/synth_1/.Xil/Vivado-4736-Summer/dcp1/pll_in_context.xdc, line 4).
Applied set_property CLOCK_BUFFER_TYPE = NONE for CLK. (constraint file  D:/Vivado/code/SME309-RISCV-tmpl2/vivado/vivado_proj.runs/synth_1/.Xil/Vivado-4736-Summer/dcp1/pll_in_context.xdc, line 5).
Applied set_property DONT_TOUCH = true for pll_inst. (constraint file  auto generated constraint, line ).
Applied set_property DONT_TOUCH = true for u_benchmark/Mem_IROM. (constraint file  auto generated constraint, line ).
Applied set_property DONT_TOUCH = true for u_benchmark/dram_driver_inst/Mem_DRAM. (constraint file  auto generated constraint, line ).
---------------------------------------------------------------------------------
Finished applying 'set_property' XDC Constraints : Time (s): cpu = 00:01:11 ; elapsed = 00:01:15 . Memory (MB): peak = 784.648 ; gain = 528.195
---------------------------------------------------------------------------------
INFO: [Synth 8-5544] ROM "write_mem" won't be mapped to Block RAM because address size (3) smaller than threshold (5)
INFO: [Synth 8-5546] ROM "lui" won't be mapped to RAM because it is too sparse
INFO: [Synth 8-5546] ROM "write_reg" won't be mapped to RAM because it is too sparse
INFO: [Synth 8-4471] merging register 'if_pc_reg[31:0]' into 'PC_reg[31:0]' [D:/Vivado/code/SME309-RISCV-tmpl2/vivado/vivado_proj.srcs/sources_1/new/ProgramCounter.v:15]
WARNING: [Synth 8-6014] Unused sequential element if_pc_reg was removed.  [D:/Vivado/code/SME309-RISCV-tmpl2/vivado/vivado_proj.srcs/sources_1/new/ProgramCounter.v:15]
INFO: [Synth 8-5546] ROM "seven_seg_enable" won't be mapped to RAM because it is too sparse
WARNING: [Synth 8-6014] Unused sequential element cnt_1us_reg was removed.  [D:/Vivado/code/SME309-RISCV-tmpl2/rtl/benchmark.v:107]
WARNING: [Synth 8-6014] Unused sequential element run_time_reg was removed.  [D:/Vivado/code/SME309-RISCV-tmpl2/rtl/benchmark.v:124]
WARNING: [Synth 8-327] inferring latch for variable 'aluc_reg' [D:/Vivado/code/SME309-RISCV-tmpl2/vivado/vivado_proj.srcs/sources_1/new/Control.v:28]
WARNING: [Synth 8-327] inferring latch for variable 'aluOut_WB_memOut_reg' [D:/Vivado/code/SME309-RISCV-tmpl2/vivado/vivado_proj.srcs/sources_1/new/Control.v:24]
WARNING: [Synth 8-327] inferring latch for variable 'rs1Data_EX_PC_reg' [D:/Vivado/code/SME309-RISCV-tmpl2/vivado/vivado_proj.srcs/sources_1/new/Control.v:25]
WARNING: [Synth 8-327] inferring latch for variable 'rs2Data_EX_imm32_4_reg' [D:/Vivado/code/SME309-RISCV-tmpl2/vivado/vivado_proj.srcs/sources_1/new/Control.v:26]
WARNING: [Synth 8-327] inferring latch for variable 'write_reg_reg' [D:/Vivado/code/SME309-RISCV-tmpl2/vivado/vivado_proj.srcs/sources_1/new/Control.v:23]
WARNING: [Synth 8-327] inferring latch for variable 'read_mem_reg' [D:/Vivado/code/SME309-RISCV-tmpl2/vivado/vivado_proj.srcs/sources_1/new/Control.v:27]
WARNING: [Synth 8-327] inferring latch for variable 'extOP_reg' [D:/Vivado/code/SME309-RISCV-tmpl2/vivado/vivado_proj.srcs/sources_1/new/Control.v:30]
WARNING: [Synth 8-327] inferring latch for variable 'pcImm_NEXTPC_rs1Imm_reg' [D:/Vivado/code/SME309-RISCV-tmpl2/vivado/vivado_proj.srcs/sources_1/new/Control.v:29]
WARNING: [Synth 8-327] inferring latch for variable 'imm_32_reg' [D:/Vivado/code/SME309-RISCV-tmpl2/vivado/vivado_proj.srcs/sources_1/new/Extend.v:11]
---------------------------------------------------------------------------------
Finished RTL Optimization Phase 2 : Time (s): cpu = 00:01:11 ; elapsed = 00:01:16 . Memory (MB): peak = 784.648 ; gain = 528.195
---------------------------------------------------------------------------------

Report RTL Partitions: 
+-+--------------+------------+----------+
| |RTL Partition |Replication |Instances |
+-+--------------+------------+----------+
+-+--------------+------------+----------+
---------------------------------------------------------------------------------
Start RTL Component Statistics 
---------------------------------------------------------------------------------
Detailed RTL Component Info : 
+---Adders : 
	   2 Input     32 Bit       Adders := 4     
	   3 Input     32 Bit       Adders := 1     
	   2 Input     17 Bit       Adders := 1     
	   2 Input      8 Bit       Adders := 1     
+---XORs : 
	   2 Input     32 Bit         XORs := 1     
	   2 Input      1 Bit         XORs := 1     
+---Registers : 
	               32 Bit    Registers := 19    
	               17 Bit    Registers := 1     
	                8 Bit    Registers := 3     
	                5 Bit    Registers := 8     
	                3 Bit    Registers := 2     
	                2 Bit    Registers := 5     
	                1 Bit    Registers := 16    
+---RAMs : 
	             1024 Bit         RAMs := 1     
+---Muxes : 
	   2 Input     32 Bit        Muxes := 25    
	   3 Input     32 Bit        Muxes := 1     
	   4 Input     32 Bit        Muxes := 3     
	   2 Input     17 Bit        Muxes := 1     
	   2 Input     16 Bit        Muxes := 1     
	   4 Input      8 Bit        Muxes := 1     
	   2 Input      8 Bit        Muxes := 2     
	  17 Input      7 Bit        Muxes := 1     
	   7 Input      5 Bit        Muxes := 1     
	   8 Input      4 Bit        Muxes := 2     
	   2 Input      4 Bit        Muxes := 1     
	   4 Input      4 Bit        Muxes := 1     
	   9 Input      4 Bit        Muxes := 2     
	   6 Input      3 Bit        Muxes := 1     
	  10 Input      3 Bit        Muxes := 2     
	   9 Input      3 Bit        Muxes := 1     
	   2 Input      2 Bit        Muxes := 2     
	   4 Input      2 Bit        Muxes := 1     
	  10 Input      2 Bit        Muxes := 3     
	   3 Input      2 Bit        Muxes := 2     
	   2 Input      1 Bit        Muxes := 4     
	  10 Input      1 Bit        Muxes := 6     
	   7 Input      1 Bit        Muxes := 1     
	   8 Input      1 Bit        Muxes := 1     
	   3 Input      1 Bit        Muxes := 1     
---------------------------------------------------------------------------------
Finished RTL Component Statistics 
---------------------------------------------------------------------------------
---------------------------------------------------------------------------------
Start RTL Hierarchical Component Statistics 
---------------------------------------------------------------------------------
Hierarchical RTL Component report 
Module if_id 
Detailed RTL Component Info : 
+---Registers : 
	               32 Bit    Registers := 2     
+---Muxes : 
	   2 Input     32 Bit        Muxes := 4     
	   2 Input      1 Bit        Muxes := 2     
Module Control 
Detailed RTL Component Info : 
+---Muxes : 
	   7 Input      5 Bit        Muxes := 1     
	   8 Input      4 Bit        Muxes := 2     
	   6 Input      3 Bit        Muxes := 1     
	  10 Input      3 Bit        Muxes := 2     
	   9 Input      3 Bit        Muxes := 1     
	   2 Input      2 Bit        Muxes := 1     
	   4 Input      2 Bit        Muxes := 1     
	  10 Input      2 Bit        Muxes := 3     
	  10 Input      1 Bit        Muxes := 6     
	   7 Input      1 Bit        Muxes := 1     
Module Extend 
Detailed RTL Component Info : 
+---Muxes : 
	   8 Input      1 Bit        Muxes := 1     
Module RegisterFile 
Detailed RTL Component Info : 
+---RAMs : 
	             1024 Bit         RAMs := 1     
+---Muxes : 
	   2 Input     32 Bit        Muxes := 4     
Module id_ex 
Detailed RTL Component Info : 
+---Registers : 
	               32 Bit    Registers := 4     
	                5 Bit    Registers := 4     
	                3 Bit    Registers := 1     
	                2 Bit    Registers := 3     
	                1 Bit    Registers := 4     
Module forward_unit 
Detailed RTL Component Info : 
+---Muxes : 
	   3 Input      2 Bit        Muxes := 2     
Module Alu 
Detailed RTL Component Info : 
+---Adders : 
	   2 Input     32 Bit       Adders := 1     
	   3 Input     32 Bit       Adders := 1     
+---XORs : 
	   2 Input     32 Bit         XORs := 1     
Module ex_me 
Detailed RTL Component Info : 
+---Registers : 
	               32 Bit    Registers := 4     
	                5 Bit    Registers := 2     
	                3 Bit    Registers := 1     
	                2 Bit    Registers := 2     
	                1 Bit    Registers := 3     
Module Memdata 
Detailed RTL Component Info : 
+---Muxes : 
	   2 Input     32 Bit        Muxes := 4     
Module me_wb 
Detailed RTL Component Info : 
+---Registers : 
	               32 Bit    Registers := 2     
	                5 Bit    Registers := 1     
	                1 Bit    Registers := 2     
Module ProgramCounter 
Detailed RTL Component Info : 
+---Registers : 
	               32 Bit    Registers := 1     
+---Muxes : 
	   2 Input      1 Bit        Muxes := 1     
Module CPU 
Detailed RTL Component Info : 
+---Adders : 
	   2 Input     32 Bit       Adders := 3     
+---Muxes : 
	   2 Input     32 Bit        Muxes := 11    
	   3 Input     32 Bit        Muxes := 1     
	   2 Input      2 Bit        Muxes := 1     
	   3 Input      1 Bit        Muxes := 1     
Module blk_mem_gen_prim_width 
Detailed RTL Component Info : 
+---XORs : 
	   2 Input      1 Bit         XORs := 1     
+---Registers : 
	                5 Bit    Registers := 1     
	                1 Bit    Registers := 6     
Module dram_driver 
Detailed RTL Component Info : 
+---Muxes : 
	   4 Input     32 Bit        Muxes := 3     
	   2 Input     32 Bit        Muxes := 2     
	   2 Input     16 Bit        Muxes := 1     
	   4 Input      8 Bit        Muxes := 1     
	   2 Input      4 Bit        Muxes := 1     
	   4 Input      4 Bit        Muxes := 1     
Module seven_seg 
Detailed RTL Component Info : 
+---Adders : 
	   2 Input     17 Bit       Adders := 1     
+---Registers : 
	               17 Bit    Registers := 1     
	                8 Bit    Registers := 2     
	                1 Bit    Registers := 1     
+---Muxes : 
	   2 Input     17 Bit        Muxes := 1     
	   2 Input      8 Bit        Muxes := 1     
	  17 Input      7 Bit        Muxes := 1     
	   9 Input      4 Bit        Muxes := 2     
	   2 Input      1 Bit        Muxes := 1     
Module benchmark 
Detailed RTL Component Info : 
+---Adders : 
	   2 Input      8 Bit       Adders := 1     
+---Registers : 
	               32 Bit    Registers := 6     
	                8 Bit    Registers := 1     
+---Muxes : 
	   2 Input      8 Bit        Muxes := 1     
---------------------------------------------------------------------------------
Finished RTL Hierarchical Component Statistics
---------------------------------------------------------------------------------
---------------------------------------------------------------------------------
Start Part Resource Summary
---------------------------------------------------------------------------------
Part Resources:
DSPs: 240 (col length:80)
BRAMs: 270 (col length: RAMB18 80 RAMB36 40)
---------------------------------------------------------------------------------
Finished Part Resource Summary
---------------------------------------------------------------------------------
---------------------------------------------------------------------------------
Start Cross Boundary and Area Optimization
---------------------------------------------------------------------------------
INFO: [Synth 8-5546] ROM "u_seven_seg/seven_seg_enable" won't be mapped to RAM because it is too sparse
WARNING: [Synth 8-6014] Unused sequential element cnt_1us_reg was removed.  [D:/Vivado/code/SME309-RISCV-tmpl2/rtl/benchmark.v:107]
WARNING: [Synth 8-6014] Unused sequential element run_time_reg was removed.  [D:/Vivado/code/SME309-RISCV-tmpl2/rtl/benchmark.v:124]
INFO: [Synth 8-5546] ROM "u_cpu/Control/lui" won't be mapped to RAM because it is too sparse
INFO: [Synth 8-5546] ROM "u_cpu/Control/write_reg" won't be mapped to RAM because it is too sparse
INFO: [Synth 8-3332] Sequential element (inst_blk_mem_gen/gnbram.gnativebmg.native_blk_mem_gen/valid.cstr/ramloop[0].ram.r/SAFETY_CKT_GEN.ENB_NO_REG.ENB_dly_D_reg) is unused and will be removed from module blk_mem_gen_v8_4_1.
INFO: [Synth 8-3332] Sequential element (inst_blk_mem_gen/gnbram.gnativebmg.native_blk_mem_gen/valid.cstr/ramloop[0].ram.r/SAFETY_CKT_GEN.ENB_NO_REG.ENB_dly_reg) is unused and will be removed from module blk_mem_gen_v8_4_1.
---------------------------------------------------------------------------------
Finished Cross Boundary and Area Optimization : Time (s): cpu = 00:01:20 ; elapsed = 00:01:25 . Memory (MB): peak = 784.648 ; gain = 528.195
---------------------------------------------------------------------------------
---------------------------------------------------------------------------------
Start ROM, RAM, DSP and Shift Register Reporting
---------------------------------------------------------------------------------

ROM:
+---------------------+--------------------------------------------------------+---------------+----------------+
|Module Name          | RTL Object                                             | Depth x Width | Implemented As | 
+---------------------+--------------------------------------------------------+---------------+----------------+
|rom                  | rom[1023]                                              | 1024x32       | LUT            | 
|dist_mem_gen_v8_0_12 | synth_options.dist_mem_inst/gen_rom.rom_inst/rom[1023] | 1024x32       | LUT            | 
+---------------------+--------------------------------------------------------+---------------+----------------+


Distributed RAM: Preliminary Mapping  Report (see note below)
+------------+--------------------------------+-----------+----------------------+---------------+
|Module Name | RTL Object                     | Inference | Size (Depth x Width) | Primitives    | 
+------------+--------------------------------+-----------+----------------------+---------------+
|top         | u_cpu/RegisterFile/RegBank_reg | Implied   | 32 x 32              | RAM32M x 12   | 
+------------+--------------------------------+-----------+----------------------+---------------+

Note: The table above is a preliminary report that shows the Distributed RAMs at the current stage of the synthesis flow. Some Distributed RAMs may be reimplemented as non Distributed RAM primitives later in the synthesis flow. Multiple instantiated RAMs are reported only once.
---------------------------------------------------------------------------------
Finished ROM, RAM, DSP and Shift Register Reporting
---------------------------------------------------------------------------------

Report RTL Partitions: 
+-+--------------+------------+----------+
| |RTL Partition |Replication |Instances |
+-+--------------+------------+----------+
+-+--------------+------------+----------+
---------------------------------------------------------------------------------
Start Applying XDC Timing Constraints
---------------------------------------------------------------------------------
INFO: [Synth 8-5578] Moved timing constraint from pin 'pll_inst/clk_out1' to pin 'pll_inst/bbstub_clk_out1/O'
INFO: [Synth 8-5578] Moved timing constraint from pin 'pll_inst/clk_out2' to pin 'pll_inst/bbstub_clk_out2/O'
INFO: [Synth 8-5819] Moved 2 constraints on hierarchical pins to their respective driving/loading pins
---------------------------------------------------------------------------------
Finished Applying XDC Timing Constraints : Time (s): cpu = 00:01:25 ; elapsed = 00:01:30 . Memory (MB): peak = 816.359 ; gain = 559.906
---------------------------------------------------------------------------------
---------------------------------------------------------------------------------
Start Timing Optimization
---------------------------------------------------------------------------------
---------------------------------------------------------------------------------
Finished Timing Optimization : Time (s): cpu = 00:01:29 ; elapsed = 00:01:34 . Memory (MB): peak = 913.980 ; gain = 657.527
---------------------------------------------------------------------------------
---------------------------------------------------------------------------------
Start ROM, RAM, DSP and Shift Register Reporting
---------------------------------------------------------------------------------

Distributed RAM: Final Mapping  Report
+------------+--------------------------------+-----------+----------------------+---------------+
|Module Name | RTL Object                     | Inference | Size (Depth x Width) | Primitives    | 
+------------+--------------------------------+-----------+----------------------+---------------+
|top         | u_cpu/RegisterFile/RegBank_reg | Implied   | 32 x 32              | RAM32M x 12   | 
+------------+--------------------------------+-----------+----------------------+---------------+

---------------------------------------------------------------------------------
Finished ROM, RAM, DSP and Shift Register Reporting
---------------------------------------------------------------------------------

Report RTL Partitions: 
+-+--------------+------------+----------+
| |RTL Partition |Replication |Instances |
+-+--------------+------------+----------+
+-+--------------+------------+----------+
---------------------------------------------------------------------------------
Start Technology Mapping
---------------------------------------------------------------------------------
---------------------------------------------------------------------------------
Finished Technology Mapping : Time (s): cpu = 00:01:30 ; elapsed = 00:01:35 . Memory (MB): peak = 913.980 ; gain = 657.527
---------------------------------------------------------------------------------

Report RTL Partitions: 
+-+--------------+------------+----------+
| |RTL Partition |Replication |Instances |
+-+--------------+------------+----------+
+-+--------------+------------+----------+
---------------------------------------------------------------------------------
Start IO Insertion
---------------------------------------------------------------------------------
---------------------------------------------------------------------------------
Start Flattening Before IO Insertion
---------------------------------------------------------------------------------
---------------------------------------------------------------------------------
Finished Flattening Before IO Insertion
---------------------------------------------------------------------------------
---------------------------------------------------------------------------------
Start Final Netlist Cleanup
---------------------------------------------------------------------------------
---------------------------------------------------------------------------------
Finished Final Netlist Cleanup
---------------------------------------------------------------------------------
---------------------------------------------------------------------------------
Finished IO Insertion : Time (s): cpu = 00:01:30 ; elapsed = 00:01:36 . Memory (MB): peak = 913.980 ; gain = 657.527
---------------------------------------------------------------------------------

Report Check Netlist: 
+------+------------------+-------+---------+-------+------------------+
|      |Item              |Errors |Warnings |Status |Description       |
+------+------------------+-------+---------+-------+------------------+
|1     |multi_driven_nets |      0|        0|Passed |Multi driven nets |
+------+------------------+-------+---------+-------+------------------+
---------------------------------------------------------------------------------
Start Renaming Generated Instances
---------------------------------------------------------------------------------
---------------------------------------------------------------------------------
Finished Renaming Generated Instances : Time (s): cpu = 00:01:30 ; elapsed = 00:01:36 . Memory (MB): peak = 913.980 ; gain = 657.527
---------------------------------------------------------------------------------

Report RTL Partitions: 
+-+--------------+------------+----------+
| |RTL Partition |Replication |Instances |
+-+--------------+------------+----------+
+-+--------------+------------+----------+
---------------------------------------------------------------------------------
Start Rebuilding User Hierarchy
---------------------------------------------------------------------------------
---------------------------------------------------------------------------------
Finished Rebuilding User Hierarchy : Time (s): cpu = 00:01:30 ; elapsed = 00:01:36 . Memory (MB): peak = 913.980 ; gain = 657.527
---------------------------------------------------------------------------------
---------------------------------------------------------------------------------
Start Renaming Generated Ports
---------------------------------------------------------------------------------
---------------------------------------------------------------------------------
Finished Renaming Generated Ports : Time (s): cpu = 00:01:30 ; elapsed = 00:01:36 . Memory (MB): peak = 913.980 ; gain = 657.527
---------------------------------------------------------------------------------
---------------------------------------------------------------------------------
Start Handling Custom Attributes
---------------------------------------------------------------------------------
---------------------------------------------------------------------------------
Finished Handling Custom Attributes : Time (s): cpu = 00:01:30 ; elapsed = 00:01:36 . Memory (MB): peak = 913.980 ; gain = 657.527
---------------------------------------------------------------------------------
---------------------------------------------------------------------------------
Start Renaming Generated Nets
---------------------------------------------------------------------------------
---------------------------------------------------------------------------------
Finished Renaming Generated Nets : Time (s): cpu = 00:01:30 ; elapsed = 00:01:36 . Memory (MB): peak = 913.980 ; gain = 657.527
---------------------------------------------------------------------------------
---------------------------------------------------------------------------------
Start ROM, RAM, DSP and Shift Register Reporting
---------------------------------------------------------------------------------

Static Shift Register Report:
+-------------------+-----------------------------------------------------------------------------------------------------------------------+--------+-------+--------------+--------------------+-------------------+--------+---------+
|Module Name        | RTL Name                                                                                                              | Length | Width | Reset Signal | Pull out first Reg | Pull out last Reg | SRL16E | SRLC32E | 
+-------------------+-----------------------------------------------------------------------------------------------------------------------+--------+-------+--------------+--------------------+-------------------+--------+---------+
|blk_mem_gen_v8_4_1 | inst_blk_mem_gen/gnbram.gnativebmg.native_blk_mem_gen/valid.cstr/ramloop[0].ram.r/SAFETY_CKT_GEN.RSTA_SHFT_REG_reg[4] | 4      | 1     | NO           | NO                 | YES               | 1      | 0       | 
+-------------------+-----------------------------------------------------------------------------------------------------------------------+--------+-------+--------------+--------------------+-------------------+--------+---------+

---------------------------------------------------------------------------------
Finished ROM, RAM, DSP and Shift Register Reporting
---------------------------------------------------------------------------------
---------------------------------------------------------------------------------
Start Writing Synthesis Report
---------------------------------------------------------------------------------

Report BlackBoxes: 
+------+--------------+----------+
|      |BlackBox name |Instances |
+------+--------------+----------+
|1     |pll           |         1|
+------+--------------+----------+

Report Cell Usage: 
+------+---------+------+
|      |Cell     |Count |
+------+---------+------+
|1     |pll      |     1|
|2     |BUFG     |     2|
|3     |CARRY4   |    74|
|4     |LUT1     |    14|
|5     |LUT2     |   189|
|6     |LUT3     |    64|
|7     |LUT4     |   257|
|8     |LUT5     |   294|
|9     |LUT6     |   981|
|10    |MUXF7    |    69|
|11    |MUXF8    |    18|
|12    |RAM32M   |    12|
|13    |RAMB36E1 |     1|
|14    |SRL16E   |     1|
|15    |FDCE     |   232|
|16    |FDRE     |   500|
|17    |FDSE     |    16|
|18    |LD       |    50|
|19    |IBUF     |     7|
|20    |OBUF     |    32|
+------+---------+------+

Report Instance Areas: 
+------+---------------------------------------------------+------------------------------+------+
|      |Instance                                           |Module                        |Cells |
+------+---------------------------------------------------+------------------------------+------+
|1     |top                                                |                              |  2816|
|2     |  u_benchmark                                      |benchmark                     |   885|
|3     |    Mem_IROM                                       |IROM                          |   377|
|4     |      U0                                           |dist_mem_gen_v8_0_12          |   377|
|5     |        \synth_options.dist_mem_inst               |dist_mem_gen_v8_0_12_synth    |   377|
|6     |          \gen_rom.rom_inst                        |rom                           |   377|
|7     |    dram_driver_inst                               |dram_driver                   |    36|
|8     |      Mem_DRAM                                     |DRAM                          |    12|
|9     |        U0                                         |blk_mem_gen_v8_4_1            |    12|
|10    |          inst_blk_mem_gen                         |blk_mem_gen_v8_4_1_synth      |    12|
|11    |            \gnbram.gnativebmg.native_blk_mem_gen  |blk_mem_gen_top               |    12|
|12    |              \valid.cstr                          |blk_mem_gen_generic_cstr      |    12|
|13    |                \ramloop[0].ram.r                  |blk_mem_gen_prim_width        |    12|
|14    |                  \prim_init.ram                   |blk_mem_gen_prim_wrapper_init |     3|
|15    |    u_seven_seg                                    |seven_seg                     |    83|
|16    |  u_cpu                                            |CPU                           |  1886|
|17    |    u_Memdata                                      |Memdata                       |    24|
|18    |    Alu                                            |Alu                           |    38|
|19    |    Control                                        |Control                       |    50|
|20    |    EX_ME                                          |ex_me                         |   258|
|21    |    Extend                                         |Extend                        |    32|
|22    |    ID_EX                                          |id_ex                         |   960|
|23    |    IF_ID                                          |if_id                         |   107|
|24    |    ME_WB                                          |me_wb                         |   314|
|25    |    ProgramCounter                                 |ProgramCounter                |    65|
|26    |    RegisterFile                                   |RegisterFile                  |    12|
+------+---------------------------------------------------+------------------------------+------+
---------------------------------------------------------------------------------
Finished Writing Synthesis Report : Time (s): cpu = 00:01:30 ; elapsed = 00:01:36 . Memory (MB): peak = 913.980 ; gain = 657.527
---------------------------------------------------------------------------------
Synthesis finished with 0 errors, 0 critical warnings and 387 warnings.
Synthesis Optimization Runtime : Time (s): cpu = 00:00:24 ; elapsed = 00:01:29 . Memory (MB): peak = 913.980 ; gain = 583.398
Synthesis Optimization Complete : Time (s): cpu = 00:01:31 ; elapsed = 00:01:36 . Memory (MB): peak = 913.980 ; gain = 657.527
INFO: [Project 1-571] Translating synthesized netlist
INFO: [Netlist 29-17] Analyzing 231 Unisim elements for replacement
INFO: [Netlist 29-28] Unisim Transformation completed in 0 CPU seconds
INFO: [Project 1-570] Preparing netlist for logic optimization
INFO: [Opt 31-138] Pushed 0 inverter(s) to 0 load pin(s).
INFO: [Project 1-111] Unisim Transformation Summary:
  A total of 62 instances were transformed.
  LD => LDCE: 50 instances
  RAM32M => RAM32M (RAMD32, RAMD32, RAMD32, RAMD32, RAMD32, RAMD32, RAMS32, RAMS32): 12 instances

INFO: [Common 17-83] Releasing license: Synthesis
75 Infos, 117 Warnings, 0 Critical Warnings and 0 Errors encountered.
synth_design completed successfully
synth_design: Time (s): cpu = 00:01:32 ; elapsed = 00:01:39 . Memory (MB): peak = 913.980 ; gain = 669.023
INFO: [Common 17-1381] The checkpoint 'D:/Vivado/code/SME309-RISCV-tmpl2/vivado/vivado_proj.runs/synth_1/top.dcp' has been generated.
INFO: [runtcl-4] Executing : report_utilization -file top_utilization_synth.rpt -pb top_utilization_synth.pb
report_utilization: Time (s): cpu = 00:00:00 ; elapsed = 00:00:00.038 . Memory (MB): peak = 913.980 ; gain = 0.000
INFO: [Common 17-206] Exiting Vivado at Thu Jan  8 07:40:47 2026...
